"rf_coeffs"
"Iteration" "cd etc.."
("Iteration" "cd" "cl")
1 5.604308395648187 1.951616645065565
2 0.738973383264431 1.002349606403608
3 0.5908601368940658 0.108181705770088
4 -0.04692107693954772 0.02496495940826542
5 0.2148307736850196 -0.1048685791645534
6 -0.05728678141920344 0.02541265932235109
7 0.1213682858876124 0.02674569580629817
8 -0.0008293733998710244 0.09821427574362881
9 0.09120609172973063 0.06592988634205316
10 0.03726713854188151 0.129434515185717
11 0.07593010515004332 0.07699594041428318
12 0.04864848850887882 0.1207266836658103
13 0.06003231314896895 0.0740150877112583
14 0.0502528610272342 0.1241262807822315
15 0.04737140646016828 0.09099231704755611
16 0.04638554134083616 0.1182706371818842
17 0.04119144824979042 0.1049241841719793
18 0.042290045099871 0.1183087881130948
19 0.03806748257132592 0.1187144868346414
20 0.03923909302122295 0.1227668783931078
21 0.0360067004989021 0.1198874009477949
22 0.03597716570361188 0.1180232099954345
23 0.0354340699924619 0.1300888325296615
24 0.03427080867605519 0.11931745969903
25 0.03419527716275781 0.1302557029498433
26 0.03243612876097636 0.1215802287139509
27 0.03300164084237072 0.1294116943833535
28 0.03150983590710608 0.1312901490331548
29 0.03145149311173655 0.1311579180296379
30 0.03073214130568908 0.1340475111762136
31 0.03015664664221423 0.1328631628399981
32 0.02994708302296231 0.1363938731373804
33 0.0291298018541765 0.1355242273083886
34 0.02900901346884072 0.1374624376910286
35 0.02838301345323715 0.1381171342408084
36 0.02805680463975922 0.1382803287518615
37 0.02767548022162094 0.1400971323193514
38 0.02722622901411474 0.1401667659630572
39 0.0269807157272347 0.1422095907974689
40 0.02650403874866945 0.1419895971742815
41 0.02626630227820382 0.143732525970143
42 0.02585905964961965 0.1442290516679862
43 0.02555361264093844 0.1451706560886192
44 0.02526252552768361 0.1462847655466686
45 0.02493205879540817 0.14678136821658
46 0.02471835005440411 0.1481811050220698
47 0.02438079681560852 0.1485255158414856
48 0.02421366453626671 0.1497517773260606
49 0.02392894889168293 0.1502806865819855
50 0.02375194000448435 0.1512927374231286
51 0.02354414455298746 0.1520542790293657
52 0.0233660998855458 0.1528152666545218
53 0.02322720175204555 0.1537755264132894
54 0.0230617251469127 0.1544110926491881
55 0.02295438251612554 0.1554007265749943
56 0.02281526596833854 0.1560372291738086
57 0.02272278170715128 0.1569673913944423
58 0.0226181109566837 0.1577498901051193
59 0.02252872318790155 0.1584748249898685
60 0.02244873683832061 0.1593593049565437
61 0.02236431889017004 0.1600938411517039
62 0.02229688935455006 0.160925495206783
63 0.02220751172723093 0.1616840306586547
64 0.02214536782033762 0.1624686848371779
65 0.02206245734962512 0.1632409652978061
66 0.02199699681280632 0.1640048105454115
67 0.02191340019424089 0.1647562121116306
68 0.02183822267467748 0.1654486477198826
69 0.02175876528664416 0.1662270720149416
70 0.02167865868570631 0.1668900773951363
71 0.0215970406459382 0.1676318188816738
72 0.02151301430078031 0.1682850583522861
73 0.02142800474584788 0.1689156387702445
74 0.02135170410208055 0.1696193801893417
75 0.02126395602656729 0.170220206708678
76 0.02118869684217036 0.1708808764712677
77 0.02110365509405016 0.1714355654148382
78 0.02102788283647941 0.1720527205051933
79 0.02095423592779954 0.1726482517364372
80 0.02088356475812721 0.1731812694670041
81 0.02081620757268676 0.1737606525409383
82 0.02075262072487481 0.1742932323701333
83 0.02069267126303949 0.1748506012567577
84 0.02062946835578906 0.1753290656163417
85 0.02058008228958244 0.1758583005195503
86 0.02053160103702663 0.176359471832512
87 0.02048569368073975 0.1768410852895857
88 0.02044708101746934 0.1772950930187666
89 0.02041171097911591 0.1778044596925195
90 0.02037518971785308 0.1782557895579935
91 0.02034348315747681 0.1786760242134199
92 0.02031794679798671 0.1791454466233917
93 0.02029419111349803 0.1795531355224429
94 0.02027470395175384 0.1800077206653448
95 0.02025744568943576 0.1804110108674209
96 0.02023982161068202 0.1808185266289586
97 0.02022768256853512 0.1812168129042508
98 0.02021751062923929 0.1816082994902748
99 0.02020999493391339 0.1819916972237024
100 0.02020508911330916 0.1823521645481623
101 0.02020075136895112 0.1827478371783967
102 0.02019615592862135 0.1830941911630019
103 0.02019518767039354 0.1834558580582147
104 0.02019481162952177 0.1837920791088959
105 0.02019581569162456 0.1841286754296103
106 0.02019905945416364 0.1844730042566985
107 0.02020191188380712 0.1847989610375312
108 0.02020640833145889 0.1851094221720734
109 0.02020886432872145 0.1854185988227045
110 0.02021641866735174 0.1857102542395234
111 0.02022211684941213 0.1860277973518833
112 0.02022787011078373 0.1863047073196243
113 0.02023488377520027 0.1865943310607411
114 0.02024142607611922 0.1868566665424495
115 0.02024856865964329 0.1871421290368233
116 0.02025704033391408 0.1873895049867786
117 0.02026410642413381 0.1876643755825116
118 0.02027341191177671 0.1879012612549504
119 0.02028105625429196 0.188157428215575
120 0.02028917899831787 0.1883906104524961
121 0.02029699208936786 0.1886303326324868
122 0.02030586840903931 0.1888531921271908
123 0.02031461480397571 0.1890889398984067
124 0.02032211558797302 0.1893012705695809
125 0.02033129555081088 0.1895230048734959
126 0.02033842260233599 0.1897273368473605
127 0.02034747477742431 0.1899383621609113
128 0.02035420728548726 0.1901339149861535
129 0.02036326418308865 0.1903396137337499
130 0.02037033065713638 0.1905297073029249
131 0.02037875863500994 0.19072251835893
132 0.02038590812013847 0.1909068358579314
133 0.02039386822846167 0.1910957508204902
134 0.02040098072713992 0.1912768389711018
135 0.02040870796983207 0.1914574704995773
136 0.02041590509692189 0.1916351903557747
137 0.0204236473029777 0.1918093784246489
138 0.02043056076127024 0.1919779285127679
139 0.02043713683649065 0.1921481282991135
140 0.02044372544584228 0.192313462102786
141 0.02045061215335711 0.1924828237717554
142 0.02045670528837145 0.1926449211297488
143 0.02046369202357515 0.1928020988720159
144 0.02046969870860705 0.1929670203855656
145 0.02047684723625965 0.1931277810098666
146 0.02048272055887458 0.1932816822394958
147 0.02048866176523012 0.19344077069161
148 0.02049520110475813 0.1935912322273768
149 0.02050082686796295 0.1937512704302894
150 0.02050652923604577 0.193897233496291
151 0.02051219057284354 0.1940567198635464
152 0.02051845696039111 0.1942046810347653
153 0.02052319718321486 0.1943577164321094
154 0.02052954423310236 0.1945052733619464
155 0.02053388678072476 0.1946571999348501
156 0.02054017178987981 0.1948041738136348
157 0.02054444109805896 0.1949568444458074
158 0.02055042524434437 0.1951009137726011
159 0.02055443437586779 0.195251548830998
160 0.02056008521517006 0.1953976714516102
161 0.02056440550403851 0.1955469505111164
162 0.02056918456002424 0.1956961779580819
163 0.02057381433106184 0.1958413066304369
164 0.02057815292143954 0.1959879294482525
165 0.02058249763461262 0.1961360171637558
166 0.02058667121115016 0.196283391277717
167 0.02059082570689944 0.1964315109873425
168 0.0205950182938498 0.1965798713219538
169 0.02059880771908482 0.196727175152351
170 0.02060258585765775 0.1968741863929337
171 0.02060629718262752 0.1970256985203783
172 0.02060970483669733 0.197164661794084
173 0.02061326412102682 0.1973198204034892
174 0.02061657054774702 0.1974604302414995
175 0.02061986980554888 0.1976156272863107
176 0.02062296439981836 0.1977570193057466
177 0.02062604632996929 0.1979125634877428
178 0.02062892746225039 0.1980530718369471
179 0.02063174450340448 0.1982080501983054
180 0.02063394143343848 0.1983457455079148
181 0.02063709236467825 0.1985056611136525
182 0.02063932958900738 0.1986491290192762
183 0.02064165303012668 0.1988001027465019
184 0.02064341061118712 0.1989392558502228
185 0.02064609819226138 0.1990998734586655
186 0.02064765612882308 0.1992388994612849
187 0.02065003790929801 0.1993978364168988
188 0.02065130589631697 0.1995361144026699
189 0.02065345518544047 0.1996945129974826
190 0.02065443144105515 0.1998323429726239
191 0.0206564063568439 0.1999903923246266
192 0.02065696792972373 0.2001276938825734
193 0.02065857925591892 0.2002843643268306
194 0.02065955894268527 0.2004242407931607
195 0.02066084573136771 0.2005802842820095
196 0.02066156602346086 0.2007195698291853
197 0.0206625806482316 0.2008752955411
198 0.02066314481437363 0.2010126901679432
199 0.02066421209718847 0.2011693240907272
200 0.02066403774413172 0.2013050706706468
201 0.02066461561234297 0.2014580008405591
202 0.02066472030705728 0.2015947969560992
203 0.02066525550827887 0.2017493214769273
204 0.0206651175035785 0.201884652753655
205 0.02066538509576031 0.2020373594393716
206 0.02066505851877624 0.2021714760593575
207 0.02066518640705607 0.2023236633791963
208 0.02066459340506323 0.2024579135747616
209 0.02066446928945507 0.2026080150163128
210 0.02066407604524839 0.2027386711580426
211 0.02066389262133671 0.2028874757835041
212 0.02066277917625102 0.2030225662825826
213 0.0206624182706107 0.203163944809767
214 0.0206612027423119 0.2032978766068433
215 0.02066084169617221 0.2034384716745233
216 0.0206594505675927 0.2035715022301319
217 0.0206589891221418 0.2037106942863279
218 0.02065736275810865 0.2038415605052406
219 0.02065690843583929 0.203979930674946
220 0.02065503649344473 0.2041084635767136
221 0.02065441065280259 0.2042451421420254
222 0.02065252405830754 0.2043717936723089
223 0.02065132594637488 0.2045009743208738
224 0.02065017429469671 0.2046378159664511
225 0.0206485427388431 0.2047599772209649
226 0.02064675203128139 0.2048863196627521
227 0.02064555602644812 0.2050194882299845
228 0.02064357459370705 0.2051384859667501
229 0.02064205331789408 0.2052671020338306
230 0.02064009938059299 0.205384708259348
231 0.0206384037724681 0.2055091050977151
232 0.02063654519261962 0.2056302636538981
233 0.02063463923526685 0.2057498818064713
234 0.02063268915180058 0.2058681948045276
235 0.02063068541491734 0.2059854619824714
236 0.02062865919880913 0.2061015643004863
237 0.02062658615178341 0.2062164828703863
238 0.02062448298844645 0.2063304219831662
239 0.02062234995184763 0.206442997441542
240 0.0206201798392331 0.2065543791700468
241 0.02061798671681888 0.2066645674352078
242 0.02061567406971949 0.2067725363655677
243 0.02061350669469858 0.2068815681238742
244 0.02061122515053807 0.2069882120805877
245 0.02060894886297769 0.20709334528294
246 0.02060660377685085 0.207197299287208
247 0.02060425851353037 0.2073000640723674
248 0.02060188348630687 0.2074016751152097
249 0.02059949920909673 0.2075020367385769
250 0.02059708387455532 0.2076012115810635
251 0.02059467442329896 0.2076992671211913
252 0.02059224006364359 0.2077957583339432
253 0.02058980428446785 0.2078911387415842
254 0.02058746380762995 0.207987114118884
255 0.02058482345620397 0.2080781221954342
256 0.02058235605904158 0.208168980882791
257 0.02057988107276415 0.2082598351810954
258 0.02057754846673624 0.2083509912234154
259 0.02057490297973335 0.2084376294862263
260 0.02057238913898958 0.2085236002130067
261 0.02057002289544857 0.2086111493206422
262 0.0205673379366942 0.2086935614062621
263 0.0205650345305841 0.2087786571518169
264 0.02056254800584123 0.2088623825527825
265 0.02055978395363804 0.2089381348514431
266 0.02055747425311601 0.2090204840029944
267 0.02055494857929033 0.2090990487135599
268 0.02055254541720214 0.2091781168513624
269 0.02054990888112997 0.2092514412690239
270 0.0205474626322825 0.2093271297343041
271 0.02054507745024553 0.209402968785106
272 0.02054250679452949 0.2094731852767328
273 0.02054016215568453 0.2095475629337904
274 0.02053758859375473 0.2096155745636104
275 0.02053515272694079 0.2096861163173513
276 0.02053272972953232 0.2097564028464316
277 0.02053045511049324 0.2098218256334549
278 0.02052797044958105 0.2098891658650157
279 0.02052556337989732 0.2099555806870521
280 0.02052324996230823 0.2100178082046345
281 0.02052084080036344 0.2100822866062817
282 0.02051850008574673 0.2101461527812967
283 0.02051615933364787 0.2102049909550299
284 0.02051380985155427 0.210266434465589
285 0.02051149239753943 0.2103270983838386
286 0.02050926944267638 0.2103838234966636
287 0.02050695372580063 0.2104424609986045
288 0.02050483275567019 0.2105005598477481
289 0.02050236349266584 0.2105541467566628
290 0.02050019095386045 0.210609184883449
291 0.0204980206718963 0.2106646361703463
292 0.02049582026725924 0.2107186519069425
293 0.02049372084447978 0.2107692732290743
294 0.02049144563405878 0.2108207710437476
295 0.02048946650941066 0.2108728456100342
296 0.02048721020930082 0.2109219122161167
297 0.02048525705404845 0.2109722224957583
298 0.02048304249232618 0.2110196680216505
299 0.02048111161029827 0.2110683188749293
300 0.02047894273686334 0.2111142834377932
301 0.01056446646221963 0.20759401723562
302 0.01157770160884743 0.2059611745758912
303 0.009911438629332142 0.2057566744210969
304 0.0109744845099722 0.2062480605697537
305 0.01068542475531653 0.2071396133215901
306 0.01134677441693291 0.2079285915320783
307 0.0113175716408029 0.2087188935038989
308 0.01160011440716791 0.2094153278117105
309 0.0115723411326353 0.2098030018188128
310 0.01162011269369349 0.2102212791674143
311 0.01159910667843591 0.2104118287720428
312 0.01155505267257268 0.2107675589318083
313 0.01154329757772535 0.2109224968031451
314 0.01150314891009684 0.2112166292851306
315 0.01146940355544619 0.2114073793492079
316 0.01146602609870573 0.2116282364506584
317 0.01143001593894712 0.21187578991532
318 0.01143343788795482 0.2119858923372032
319 0.01141974703169205 0.2122808466751953
320 0.01140333271939878 0.2123778969359333
321 0.0114103709717603 0.2126229660409311
322 0.01137941563759969 0.2127691506349524
323 0.01138067867854959 0.2129087428832578
324 0.01135926808592915 0.2130943860459295
325 0.01133938740831401 0.2131756985366822
326 0.01133015933171544 0.2133556626849276
327 0.0113014979776863 0.2134467057125079
328 0.011293301551172 0.2135804363245864
329 0.01127195327655122 0.2137027297347526
330 0.01125630994364756 0.2138008079884029
331 0.01124509220160883 0.2139376094689276
332 0.01122730644635411 0.2140240299485878
333 0.01121944556760045 0.2141537297088034
334 0.01120624525528528 0.2142455384997465
335 0.01119764265085587 0.2143613880262855
336 0.01118952930633329 0.2144807457747175
337 0.01118271850048864 0.2145705722121795
338 0.01117855021658887 0.2146787610424539
339 0.01117308761095863 0.2147671805133981
340 0.01117202986767276 0.2148718218257049
341 0.01117056027865436 0.2149683188649948
342 0.01117070621177592 0.2150586076004551
343 0.01117136072741087 0.2151452607134222
344 0.01117283030791615 0.2152296154291661
345 0.01117522727594169 0.2153126268880879
346 0.01117661535071842 0.2153840712892558
347 0.01117972955896142 0.2154619689576179
348 0.01118114939840765 0.2155303592367878
349 0.01118380796706056 0.2155965691166792
350 0.01118474193248976 0.2156586922176768
351 0.01118546070888148 0.2157160170418536
352 0.01118555846285841 0.2157735144321304
353 0.01118462468585992 0.2158254027010561
354 0.01118324385033653 0.2158773353640433
355 0.01118035228060982 0.2159248599109207
356 0.01117755793829275 0.2159694977323822
357 0.01117326896230275 0.2160146597973421
358 0.01116857371158612 0.2160565686229366
359 0.01116330397524039 0.2161011887221671
360 0.01115725654436345 0.2161405195770015
361 0.01115099174680892 0.216179631788768
362 0.01114405808111385 0.2162204507739753
363 0.01113762648758798 0.2162574764110059
364 0.01113051612296175 0.2162948563002665
365 0.01112355860626322 0.2163338473956871
366 0.01111703950178175 0.2163707236265486
367 0.01110998669878437 0.2164078921656897
368 0.01110372676332981 0.2164444627364331
369 0.01109739957803157 0.2164802606741908
370 0.0110915503191861 0.2165166076378943
371 0.0110858086430497 0.2165516025214065
372 0.01108050364559078 0.2165864429474194
373 0.01107541704123738 0.2166209373892613
374 0.0110707438419729 0.2166550318449855
375 0.01106636600130738 0.2166894643402786
376 0.01106223259088121 0.2167220046186067
377 0.01105846414799794 0.2167555310672753
378 0.01105487987172073 0.2167872854532025
379 0.01105164233159321 0.2168193470233971
380 0.01104857728768429 0.2168507055845176
381 0.01104577593990701 0.216882011940966
382 0.01104320321500489 0.2169131307051346
383 0.01104081487774259 0.2169440289005829
384 0.01103864110476847 0.2169747478665323
385 0.01103654316754205 0.2170039171355847
386 0.01103463544651355 0.2170335502198543
387 0.01103289843342853 0.2170633676962568
388 0.01103123778123741 0.2170921484592507
389 0.01102967956575954 0.217120771677989
390 0.01102822880244806 0.217149156098027
391 0.01102686006978176 0.2171774289895102
392 0.01102558415263343 0.2172054885965843
393 0.01102437056790642 0.217233404878766
394 0.01102322568853544 0.2172610303118212
395 0.01102217797800486 0.217288826401931
396 0.01102111576914758 0.2173159029675905
397 0.01102014399330612 0.2173432547857995
398 0.01101915491809313 0.2173697676588709
399 0.01101823179468922 0.2173965841305807
400 0.01101736763712189 0.2174228562228175
401 0.01101649391461998 0.2174490883524193
402 0.01101566665668089 0.2174751209432041
403 0.01101485960267205 0.2175008516246144
404 0.01101406067004308 0.2175267008146193
405 0.0110133229432886 0.2175524441253091
406 0.01101259086029517 0.2175780376005307
407 0.0110118904033952 0.2176033581793569
408 0.01101117138229902 0.2176284089791717
409 0.01101047866359221 0.2176533003830201
410 0.01100978100889279 0.2176781383204545
411 0.01100912923892616 0.2177029147164761
412 0.01100847312097661 0.2177274753464719
413 0.01100783727450541 0.2177519778208162
414 0.0110072010564874 0.2177762734682644
415 0.01100660643264533 0.2178008224592969
416 0.01100594952123345 0.2178244846444176
417 0.0110053739111864 0.2178487882342018
418 0.01100475852218357 0.2178725524819886
419 0.01100416508674851 0.2178962895771103
420 0.01100357294070264 0.2179198794985068
421 0.01100299241594759 0.2179434901494965
422 0.01100241926559735 0.2179669443694254
423 0.01100185256792238 0.2179903687825604
424 0.01100129243974527 0.2180136414877239
425 0.01100073658714383 0.2180368798492378
426 0.0110001872070839 0.2180599737563849
427 0.01099964202751424 0.2180830416371949
428 0.01099910366462132 0.2181059694090114
429 0.01099857043760241 0.2181288755337106
430 0.0109980418985439 0.2181516394757948
431 0.01099751853046102 0.2181743883554045
432 0.01099702135381527 0.2181972288911489
433 0.01099647539752992 0.2182194872873018
434 0.01099597607049494 0.21824197276281
435 0.01099546993253559 0.2182644593664466
436 0.01099499037066397 0.218287047104886
437 0.01099446450948999 0.2183090292330446
438 0.01099399942958455 0.218331404379248
439 0.01099347847529599 0.2183532784312897
440 0.01099302343708881 0.2183755440430826
441 0.0109925095528972 0.2183973067328353
442 0.01099206150550176 0.2184194356854259
443 0.01099155208371867 0.218441052197501
444 0.01099111080507432 0.218463049616515
445 0.01099060607874266 0.2184845270322157
446 0.01099016679003617 0.2185063652943099
447 0.01098966525243294 0.2185277066534186
448 0.01098922942953219 0.2185494058191786
449 0.01098873153456924 0.2185706173919826
450 0.01098830181706461 0.218591581254599
451 0.01098779879311126 0.2186136720462981
452 0.01098738397271396 0.2186343018163514
453 0.01098684066975139 0.2186558139873688
454 0.01098646525790847 0.2186771412628299
455 0.01098596162102752 0.2186979880223565
456 0.0109855250124852 0.2187181449689508
457 0.01098501694042659 0.2187397925994675
458 0.01098461364022137 0.2187600458205145
459 0.0109840936612762 0.2187814177360776
460 0.0109836963854835 0.2188014989343172
461 0.01098317346766146 0.2188226846164335
462 0.01098277466918276 0.2188425613472648
463 0.01098225546702386 0.2188636457191118
464 0.01098185777322931 0.2188834027312401
465 0.01098133659871958 0.2189043026894951
466 0.01098093849263319 0.2189239099957287
467 0.01098042188411042 0.2189447035472829
468 0.01098002504643719 0.2189641993729269
469 0.01097950729443691 0.2189847987729098
470 0.01097911064574765 0.2190041474041537
471 0.0109786142428607 0.2190248067266108
472 0.01097818317438755 0.2190436515221417
473 0.01097771162774613 0.2190643417258345
474 0.01097727269288241 0.2190830181343246
475 0.0109768105170265 0.2191035825999619
476 0.0109763692902693 0.2191221045984357
477 0.0109759126825897 0.2191425298119073
478 0.01097547193105561 0.2191609009459908
479 0.01097501948588963 0.2191811858311745
480 0.01097458075975761 0.2191994093471391
481 0.01097413205567057 0.2192195499820394
482 0.01097369307375578 0.2192379351868568
483 0.01097323790956142 0.2192573883954256
484 0.01097282357389958 0.2192754861163601
485 0.01097238564105193 0.2192952929640064
486 0.01097195776244355 0.219313255799199
487 0.01097152457387905 0.2193328936208365
488 0.01097109490916452 0.2193506618194878
489 0.01097067601277315 0.2193697204875677
490 0.01097024803924135 0.2193882790928063
491 0.01096981652541865 0.2194067276139381
492 0.01096939155627906 0.21942503754117
493 0.01096897322087789 0.2194433715953692
494 0.01096855366860017 0.2194615812197395
495 0.01096814342665883 0.2194797985384941
496 0.01096772835968368 0.2194978879637504
497 0.01096732242943401 0.2195159735295851
498 0.01096691281804276 0.2195339384328931
499 0.01096651104181944 0.2195518990988372
500 0.01096610791967212 0.2195697447839407
501 0.01096571055774881 0.2195875875211693
502 0.01096531405126556 0.2196053170650997
503 0.01096492169198927 0.2196230476676067
504 0.01096453132882679 0.2196406626172121
505 0.01096414460623396 0.2196582875618723
506 0.01096376000288519 0.2196757903254316
507 0.01096337935144568 0.2196933145529111
508 0.01096300032378063 0.2197107108084789
509 0.01096262651306904 0.2197281606085733
510 0.01096225417794411 0.2197454519923668
511 0.01096188390230222 0.219762765382105
512 0.01096151672541703 0.2197799713996051
513 0.01096115377727168 0.2197971995341
514 0.01096079343968658 0.2198143252135709
515 0.01096043651733088 0.219831468522666
516 0.01096008230192591 0.2198485141746818
517 0.0109597316883584 0.2198655778487306
518 0.0109593833493689 0.2198825461095925
519 0.01095903896157258 0.2198995381996957
520 0.01095869660158946 0.2199164342296621
521 0.01095835864550388 0.2199333592175141
522 0.01095802240555905 0.2199501883020235
523 0.01095769080478838 0.2199670515611778
524 0.01095736079009497 0.219983820679099
525 0.01095703541465082 0.2200006266027736
526 0.01095671172218971 0.22001734295471
527 0.01095639241825508 0.2200340946340156
528 0.01095607434347241 0.2200507404117936
529 0.01095576046200092 0.2200674599437559
530 0.0109554506945589 0.2200840878640289
531 0.01095514377803459 0.2201007617635073
532 0.01095483900423829 0.2201173450188478
533 0.01095453790517489 0.2201339819127175
534 0.01095423881186882 0.2201505299170023
535 0.01095394378063585 0.2201671366204328
536 0.01095365070044963 0.2201836579331415
537 0.01095336180081195 0.2202002416583647
538 0.01095307460964579 0.2202167403838295
539 0.01095279150345575 0.2202333132120113
540 0.01095251041619853 0.2202497918089392
541 0.0109522331710245 0.2202663539483924
542 0.01095195860235148 0.220282818548538
543 0.01095168612011996 0.2202993523190423
544 0.01095141574334664 0.2203158174502169
545 0.01095114976145328 0.2203323581638623
546 0.01095088509554198 0.2203488197303581
547 0.01095062405450146 0.220365360838509
548 0.01095036500572103 0.2203818223906735
549 0.01095010943798625 0.2203983691725445
550 0.01094985433642214 0.2204148263208997
551 0.01094960393000528 0.2204313900421242
552 0.01094935647770954 0.2204478771487627
553 0.01094911161646567 0.2204644515790283
554 0.01094886802029902 0.2204809502910411
555 0.01094862760118368 0.2204975389556955
556 0.01094838480666502 0.2205145126254509
557 0.01094814416911487 0.2205301052935277
558 0.01094791492564542 0.2205471326268598
559 0.01094769135762287 0.2205638751539448
560 0.01094745631940367 0.2205804536174971
561 0.01094723250054899 0.2205970999868116
562 0.01094700371264735 0.2206136873402555
563 0.01094678253140565 0.2206303842429245
564 0.01094656208477887 0.2206470146763705
565 0.01094634309073187 0.2206637503960133
566 0.01094613567985395 0.220680449391976
567 0.01094591820012277 0.2206972344969668
568 0.01094570272707892 0.2207139163296165
569 0.0109454897591999 0.2207307295415989
570 0.01094528043707156 0.2207474690674808
571 0.01094506907863142 0.2207647738096197
572 0.01094488039234924 0.2207808540073243
573 0.01094464123515389 0.2207981635341446
574 0.01094446104232785 0.2208144010278435
575 0.01094426431548293 0.2208322384156012
576 0.01094407119657183 0.2208484069958286
577 0.01094385308383356 0.2208659558124614
578 0.01094370103206065 0.2208825921451015
579 0.01094346027575803 0.2208999634788858
580 0.01094328570904501 0.220916262861109
581 0.01094309715550249 0.2209342925618994
582 0.01094291247696788 0.2209506180905292
583 0.01094269802611557 0.2209682579137763
584 0.01094255616360794 0.2209850765854262
585 0.01094232437119719 0.2210026140786137
586 0.01094215684673188 0.2210190761947498
587 0.01094196569701944 0.2210371495463937
588 0.01094182008813574 0.2210539974138696
589 0.01094159394588937 0.2210716397213057
590 0.0109414303952695 0.2210882225735352
591 0.01094123964423125 0.2211063557368917
592 0.01094107766700911 0.2211230340453174
593 0.01094088835625814 0.2211412100419824
594 0.0109407483177282 0.2211582237975971
595 0.01094052490235109 0.2211760095402714
596 0.01094036719791644 0.2211927531407683
597 0.01094018147800379 0.2212110813951271
598 0.01094002493939709 0.2212279187723144
599 0.01093984071495312 0.2212462897689342
600 0.01093970530107031 0.2212634643464275
601 0.01093948505474803 0.2212814248724095
602 0.01093933385850884 0.2212983543196438
603 0.01093914901785147 0.2213168340091887
604 0.01093899899255608 0.2213338634415973
605 0.01093881532640777 0.2213523898621606
606 0.01093866212033937 0.22136942811193
607 0.01093847976519149 0.2213880847344301
608 0.01093835805040016 0.2214053660475338
609 0.01093812212483161 0.2214236239871631
610 0.0109379909031266 0.2214406585305666
611 0.01093779199196481 0.2214594924033148
612 0.01093768854894291 0.2214769477780104
613 0.01093745001517583 0.2214953631651644
614 0.01093732782873929 0.2215125190122373
615 0.01093712562994562 0.2215314520156772
616 0.01093702624870694 0.2215490136562656
617 0.01093678419814564 0.2215675123025126
618 0.01093666374491654 0.2215847528168365
619 0.01093646135943565 0.2216037190861798
620 0.01093635255394412 0.2216214872224001
621 0.01093612873715565 0.2216400083357489
622 0.0109359907091741 0.2216574505871681
623 0.01093580723374886 0.2216764808910451
624 0.01093568751198652 0.2216943360862734
625 0.01093546629932185 0.2217129085750596
626 0.01093534662732769 0.2217307605087934
627 0.01093512783558652 0.2217494154570983
628 0.01093501134107325 0.2217673560491633
629 0.01093479316703814 0.2217860684551919
630 0.01093467740532195 0.2218040443940053
631 0.01093445906142675 0.2218228088601919
632 0.0109343430368544 0.2218408294805816
633 0.01093412285808871 0.2218596110034248
634 0.01093400704267158 0.2218776470317506
635 0.01093378653490453 0.2218964782196768
636 0.01093367054871945 0.221914556295908
637 0.0109334476800595 0.2219334002362554
638 0.01093331206085553 0.2219512901951649
639 0.01093311788138268 0.2219704407129341
640 0.01093297916056819 0.2219884000807505
641 0.01093278126084603 0.2220075225255209
642 0.01093263820718057 0.2220254667877952
643 0.0109324397606199 0.2220446091204938
644 0.01093229529522635 0.2220625754773214
645 0.01093209485705003 0.2220817183981824
646 0.01093194912882505 0.2220996974569999
647 0.01093174911169321 0.2221188781734189
648 0.01093160285897273 0.2221368842257135
649 0.01093140079863223 0.2221560612854676
650 0.01093125340965006 0.2221740751725887
651 0.01093104798421467 0.2221932796250446
652 0.010930899778249 0.2222113100175228
653 0.01093068439790427 0.2222303483767457
654 0.01093055754034486 0.222248571545931
655 0.0109303318793708 0.2222676726181663
656 0.0109302094464699 0.2222859713742028
657 0.01092999056663417 0.2223051084405179
658 0.01092983838238362 0.2223231001581902
659 0.01092961409506543 0.2223421381068189
660 0.01092948435130412 0.222360356418426
661 0.01092925510244544 0.2223794892511297
662 0.01092912938506121 0.2223977885489556
663 0.01092890586533376 0.2224169217805281
664 0.0109287507253282 0.2224349063994718
665 0.01092852166051835 0.2224539308972791
666 0.01092839443767754 0.2224722725117308
667 0.01092816697098521 0.2224913751493276
668 0.01092801172493641 0.2225093808831558
669 0.01092778179076872 0.2225284148810251
670 0.0109276494390178 0.2225467013767952
671 0.01092742187068186 0.2225658208852383
672 0.01092726375684437 0.2225838020830593
673 0.01092702861198946 0.2226027765000386
674 0.01092689689225209 0.2226210572475709
675 0.01092666224894577 0.2226401105104778
676 0.01092650386694891 0.2226580506664616
677 0.01092626496153032 0.2226770115041142
678 0.01092613092464656 0.2226952256820248
679 0.01092589464155444 0.2227142586182754
680 0.01092573395899972 0.2227321571492259
681 0.01092549125870561 0.2227510373590786
682 0.01092535638014961 0.2227692283240894
683 0.01092511423162826 0.2227881753099852
684 0.01092495166877332 0.2228060167254093
685 0.01092472032376681 0.2228250191471179
686 0.01092455778046037 0.2228428784338291
687 0.01092431062481677 0.22286164429636
688 0.01092417203336379 0.2228797677881206
689 0.01092392430725029 0.2228985780440444
690 0.01092375821000227 0.2229163232804375
691 0.01092351001586611 0.2229350554079898
692 0.01092336706990568 0.2229530592594362
693 0.01092313979321878 0.2229717688749581
694 0.01092293448679769 0.2229895514816109
695 0.01092271501626719 0.2230078303080655
696 0.01092254856380286 0.2230264469072467
697 0.0109222852645827 0.2230445787816141
698 0.01092213101983864 0.2230623286145851
699 0.01092188191556912 0.2230808121025314
700 0.01092173138851083 0.2230986407327184
701 0.01092148019953166 0.223117176348632
702 0.01092130576393825 0.2231346591965585
703 0.01092106394973064 0.2231532548382376
704 0.01092089018228559 0.2231707323564114
705 0.01092063084089969 0.2231890605652637
706 0.01092048414783912 0.223206773834608
707 0.01092022699328913 0.2232246634684905
708 0.01092006415889319 0.2232429699171431
709 0.01091976686541348 0.2232605823916446
710 0.01091963801259692 0.2232782655225151
711 0.01091938213210423 0.223296558428308
712 0.0109192033902276 0.2233137233825724
713 0.01091895526718178 0.2233319916145796
714 0.0109187754487954 0.2233491620236515
715 0.01091852614141847 0.2233673425187022
716 0.0109183444389816 0.2233844423444244
717 0.01091809710870121 0.2234025920734346
718 0.01091791586373183 0.2234196451284668
719 0.01091765262169504 0.2234375317137551
720 0.0109174976478313 0.22345480542331
721 0.01091723640031086 0.2234722345928541
722 0.0109170649704526 0.2234900749503609
723 0.01091676512238451 0.2235072231522005
724 0.01091662697302292 0.2235244299130732
725 0.01091636728298532 0.2235422317353314
726 0.01091618172114154 0.2235589220345297
727 0.01091592899891352 0.2235766831711749
728 0.01091574366737794 0.223593368914113
729 0.01091548907156002 0.2236110274094272
730 0.01091530275633514 0.2236276358427351
731 0.01091505034731363 0.2236452509168457
732 0.01091486433521899 0.2236617983013178
733 0.01091460979273892 0.2236793032028102
734 0.01091442235865141 0.2236957572058096
735 0.0109141697098332 0.2237132051654132
736 0.01091398086466648 0.2237295820964299
737 0.01091372718477154 0.2237469293458116
738 0.01091353659070549 0.2237632154389587
739 0.01091326982586407 0.2237798240780921
740 0.01091312034844477 0.2237972859211992
741 0.01091282703245196 0.2238139130299976
742 0.01091265366165535 0.2238300436800475
743 0.01091239897936486 0.2238471744201481
744 0.01091220748606451 0.2238631892296535
745 0.01091195413887015 0.2238796906117184
746 0.01091177291828862 0.2238965843963637
747 0.01091147633361163 0.2239128004106865
748 0.01091132423305126 0.2239290102500999
749 0.01091106725875528 0.2239453615253647
750 0.01091088551076707 0.2239620303916532
751 0.01091058540715196 0.2239780248389992
752 0.01091045697083538 0.2239943623814623
753 0.01091015716275563 0.2240100642987111
754 0.01090998835239725 0.2240265708875329
755 0.01090972426279325 0.2240427897142487
756 0.01090952203440426 0.2240582152759187
757 0.01090926192540675 0.2240741146652423
758 0.01090910858864729 0.2240907040175265
759 0.01090883872312987 0.2241066303841963
760 0.01090863026816114 0.2241218417805572
761 0.01090838783111823 0.2241377110576631
762 0.01090820447629451 0.2241538297195089
763 0.01090794797831523 0.2241695896119014
764 0.01090773466221739 0.2241846357878206
765 0.01090749902985141 0.2242003546646155
766 0.01090731294760972 0.2242162950863152
767 0.01090706031502837 0.2242318770510355
768 0.01090684584532108 0.2242467415631653
769 0.01090661202004186 0.2242622696507015
770 0.01090642557619168 0.2242780176058201
771 0.01090617385917627 0.2242934049383795
772 0.01090596031846519 0.2243080899119744
773 0.01090572701989685 0.2243234253055411
774 0.01090554098008181 0.2243389815704591
775 0.0109052904062173 0.2243541796190808
776 0.01090507788667969 0.2243686820109089
777 0.01090484553158554 0.2243838275092609
778 0.01090465982259421 0.2243991875418137
779 0.01090441086058884 0.2244141972005576
780 0.01090419924303039 0.2244285154597036
781 0.01090396816650299 0.2244434713370667
782 0.01090378314458892 0.2244586364720828
783 0.01090353556537864 0.2244734562432287
784 0.01090332528371653 0.2244875918216149
785 0.01090309535925157 0.2245023565856427
786 0.01090291128615392 0.2245173289738164
787 0.01090266535709848 0.224531958195433
788 0.0109024563708778 0.2245459130834168
789 0.01090222812268234 0.2245604875277268
790 0.01090204483798289 0.2245752665836059
791 0.010901800793985 0.2245897069968348
792 0.01090159332982751 0.2246034831451044
793 0.01090136649571952 0.2246178646728851
794 0.01090118445751993 0.2246324539884975
795 0.01090094220459882 0.2246467045334105
796 0.01090073658404473 0.2246603037202494
797 0.01090051135943468 0.2246744954983706
798 0.01090033059768067 0.2246888948093291
799 0.01090009040709405 0.2247029594753966
800 0.01089988654777703 0.2247163808189468
801 0.01089966319844042 0.2247303865776531
802 0.01089948379341956 0.22474459710452
803 0.01089924581494658 0.2247584777399739
804 0.0108990438008465 0.224771722365654
805 0.01089882251611452 0.224785544554643
806 0.01089864454498875 0.2247995681163432
807 0.01089839785890101 0.2248128856581621
808 0.01089822943089162 0.2248267834112692
809 0.01089798109611664 0.2248400049563271
810 0.010897814722771 0.2248538007728118
811 0.01089756641227963 0.224866945066679
812 0.01089740235961065 0.2248806545227804
813 0.0108971544700798 0.224893706143034
814 0.01089699149090955 0.2249073243928303
815 0.01089674555633881 0.2249203100555863
816 0.01089658393909954 0.2249338375924927
817 0.010896338371078 0.2249467241935225
818 0.01089617749043517 0.2249601589727276
819 0.01089593410564503 0.2249729814957099
820 0.01089577465930416 0.2249863313685995
821 0.01089553203231813 0.2249990586163584
822 0.0108953882386785 0.2250125244449223
823 0.01089513783960498 0.2250251535182752
824 0.01089496441451361 0.2250380375805048
825 0.01089472896051058 0.225050644740226
826 0.01089455068182089 0.2250634258006322
827 0.01089435050038769 0.2250763523209715
828 0.01089416298386451 0.2250890724736993
829 0.01089396374864119 0.2251018308441636
830 0.0108937720683802 0.2251144262634597
831 0.01089357440631205 0.2251270662449791
832 0.01089338161671166 0.2251395731022437
833 0.0108931863185903 0.2251521294491642
834 0.01089299383162249 0.2251645609574005
835 0.01089280097507453 0.2251770410545464
836 0.01089260926964371 0.2251893970400654
837 0.01089241833340091 0.2252017993677782
838 0.01089223653251613 0.2252141876960986
839 0.01089203139489371 0.2252263688360016
840 0.01089185635609991 0.2252386684144915
841 0.01089165096667649 0.2252507855821442
842 0.01089148035436834 0.2252630303957174
843 0.01089127514334432 0.2252750798201992
844 0.01089110728736433 0.2252872576552333
845 0.01089090262909886 0.2252992313460968
846 0.0108907366591475 0.2253113277707073
847 0.010890533006437 0.2253232303109979
848 0.01089036829983743 0.2253352509482403
849 0.01089016608581687 0.2253470833297955
850 0.01089000244375126 0.225359028667439
851 0.010889801839223 0.225370791459923
852 0.01088963929423523 0.2253826636923905
853 0.0108894402787403 0.2253943571140669
854 0.01088927888630989 0.2254061581226787
855 0.01088908139014071 0.2254177821168062
856 0.01088892118867405 0.225429513391745
857 0.01088872516844609 0.2254410687253696
858 0.01088856620853146 0.2254527315699616
859 0.01088837164408376 0.2254642193956841
860 0.01088821394702822 0.2254758147294785
861 0.0108880208443694 0.2254872363375722
862 0.01088786438837368 0.2254987649473147
863 0.01088767281077944 0.2255101218641302
864 0.01088751754513208 0.2255215845471058
865 0.01088732754579222 0.2255328780240779
866 0.01088717340937844 0.2255442755192833
867 0.01088698500589004 0.2255555066566831
868 0.0108868319956589 0.2255668400818016
869 0.0108866407138492 0.2255779232441897
870 0.01088649736831552 0.2255893333517933
871 0.01088630797285505 0.2256004115877068
872 0.01088615901059698 0.2256116113306538
873 0.01088596869671405 0.2256225676802933
874 0.01088582892594446 0.2256338526606541
875 0.01088563702657898 0.2256447196077409
876 0.01088549918378044 0.2256559411996741
877 0.0108853081422609 0.2256667535976372
878 0.01088517184390757 0.2256779102231737
879 0.01088498149546615 0.2256886538699827
880 0.0108848463749779 0.2256997524722871
881 0.01088465799863545 0.2257104551962631
882 0.01088452411780963 0.2257214949260549
883 0.01088433689160123 0.2257321367249574
884 0.01088420388346973 0.2257431173283511
885 0.01088401887202352 0.2257537185121846
886 0.01088388697187226 0.2257646445522664
887 0.01088370308782504 0.2257751856727669
888 0.01088357212041026 0.2257860562659479
889 0.01088339024072169 0.2257965565485804
890 0.01088326049528804 0.2258073757368394
891 0.01088307964153921 0.2258178171879627
892 0.01088295086397029 0.2258285835958499
893 0.01088277202121749 0.2258389857843281
894 0.01088264443198706 0.2258497032107041
895 0.01088246647023968 0.2258600485147779
896 0.01088234001597017 0.2258707156191985
897 0.01088216402034781 0.2258810228687763
898 0.01088203880384596 0.22589164334698
899 0.01088186372503911 0.2259018963925421
900 0.01088173944559984 0.2259124678610012
901 0.01088156628230901 0.2259226853068595
902 0.01088144317577163 0.2259332117272859
903 0.01088127103474669 0.2259433770731209
904 0.01088114881880169 0.2259538565861798
905 0.01088097858521943 0.2259639880577137
906 0.01088085755506401 0.225974424798851
907 0.01088068823333519 0.2259845060044206
908 0.01088056816259828 0.2259948977889457
909 0.01088040065746011 0.2260049468269079
910 0.01088028180356441 0.2260152977915073
911 0.01088011516407152 0.226025298429622
912 0.01087999723223866 0.2260356064551972
913 0.01087983238348089 0.2260455767558357
914 0.01087971562590534 0.2260558460679434
915 0.01087955162536379 0.2260657698408267
916 0.01087943577122001 0.2260759980472951
917 0.01087927352742111 0.2260858932245007
918 0.01087915883664697 0.2260960845808975
919 0.01087899739517412 0.2261059350178746
920 0.01087888359428071 0.2261160870423879
921 0.01087872386842304 0.226125910558588
922 0.0108786112139177 0.2261360276315545
923 0.01087845224790292 0.2261458080962482
924 0.01087834046324389 0.2261558876126464
925 0.01087818317191972 0.2261656427268932
926 0.01087807251688114 0.226175689156973
927 0.01087791593798325 0.2261854028561972
928 0.01087780613438844 0.2261954133870273
929 0.01087765118795411 0.2262051033318234
930 0.01087754249413244 0.2262150825184996
931 0.0108773882114813 0.2262247326133161
932 0.01087728034361977 0.2262346774829467
933 0.01087712765681967 0.2262443053774726
934 0.01087702087212647 0.2262542205891964
935 0.01087686919242257 0.2262638092546275
936 0.0108767627965106 0.2262736914965695
937 0.01087661238102515 0.2262832613818724
938 0.01087650734719418 0.2262931155020011
939 0.01087635741085807 0.2263026476777433
940 0.01087625325137217 0.226312470201666
941 0.01087610486929427 0.2263219837137586
942 0.01087600175397724 0.2263317796912798
943 0.01087585381952228 0.226341256975194
944 0.01087575138062778 0.2263510235483872
945 0.0108756050525048 0.226360484055955
946 0.0108755035843771 0.2263702244123354
947 0.01087535780060056 0.2263796495750997
948 0.01087525698063051 0.2263893621189328
949 0.01087511268094931 0.2263987714027986
950 0.01087501281885892 0.226408460297542
951 0.01087486889282172 0.2264178357813516
952 0.01087476975306598 0.2264274977602823
953 0.01087462726447666 0.2264368584537935
954 0.01087452906655011 0.2264464980347179
955 0.01087438690578325 0.226455826056632
956 0.0108742893899243 0.2264654398829667
957 0.01087414864305549 0.2264747543989647
958 0.01087405202498183 0.2264843470969333
959 0.01087391156113143 0.2264936300344489
960 0.01087381559039314 0.2265031980935251
961 0.01087367649849878 0.2265124686617175
962 0.01087358140509786 0.2265220168454882
963 0.01087344252856612 0.2265312567617079
964 0.01087334806749923 0.2265407814077458
965 0.01087321051391443 0.2265500100199747
966 0.01087311691290854 0.2265595159793992
967 0.01087297951514019 0.2265687148260676
968 0.01087288651645076 0.226578198208712
969 0.01087275040623232 0.2265873867925412
970 0.0108726582300265 0.2265968525486795
971 0.01087252223208584 0.2266060122630091
972 0.0108724306198027 0.2266154563638095
973 0.01087229587999457 0.2266246068038755
974 0.01087220505089417 0.226634034216201
975 0.01087207038139089 0.226643156702915
976 0.01087198008131274 0.2266525633486289
977 0.01087184661953574 0.2266616772517568
978 0.0108717570716718 0.2266710681039663
979 0.01087162363379996 0.22668015485387
980 0.01087153458595519 0.2266895257615786
981 0.01087140231517458 0.2266986046916233
982 0.01087131398873704 0.2267079606589503
983 0.01087118168489816 0.2267170129185845
984 0.01087109384586678 0.2267263502034027
985 0.01087096263426468 0.226735394270775
986 0.01087087553400968 0.2267447185588276
987 0.01087074421665467 0.2267537361699602
988 0.01087065757407657 0.2267630422842324
989 0.01087052732773986 0.2267720532913631
990 0.01087044134650857 0.2267813460305489
991 0.0108703109759798 0.2267903317442017
992 0.01087022540081365 0.2267996064786575
993 0.0108700960890909 0.2268085864424489
994 0.01087001113661197 0.2268178483039123
995 0.01086988166596785 0.2268268034985009
996 0.01086979708442615 0.2268360478294443
997 0.0108696686489856 0.2268449979001924
998 0.01086958465274149 0.2268542299250751
999 0.01086945601617233 0.226863155638784
1000 0.01086937233617489 0.2268723706792621
1001 0.01086924472007341 0.2268812917653367
1002 0.01086916160621174 0.2268904949068656
1003 0.01086903374178671 0.2268993919137971
1004 0.01086895092602173 0.2269085783923205
1005 0.01086882402504575 0.2269174712401576
1006 0.01086874172742065 0.2269266463737416
1007 0.01086861453925532 0.2269355154794486
1008 0.01086853251781062 0.2269446742670521
1009 0.01086840627592332 0.2269535395750794
1010 0.01086832474160756 0.2269626873837047
1011 0.01086819816175495 0.2269715291426376
1012 0.01086811685817271 0.2269806608832252
1013 0.01086799118485775 0.2269894992111238
1014 0.01086791033228368 0.2269986203168714
1015 0.01086778428367466 0.2270074352370835
1016 0.01086770363890184 0.2270165404234533
1017 0.01086757848005023 0.2270253521184941
1018 0.01086748863208481 0.227034298939642
1019 0.01086738183840643 0.2270433262266221
1020 0.01086729333437124 0.2270523632422883
1021 0.01086716959580284 0.2270611013510612
1022 0.01086708709629481 0.2270701609711097
1023 0.01086696478019259 0.2270789416096733
1024 0.01086688354747628 0.2270879921632469
1025 0.01086675931253134 0.2270967353315161
1026 0.01086667922101099 0.2271057753692969
1027 0.0108665559355004 0.2271145248645107
1028 0.01086646690370852 0.2271234083275767
1029 0.01086636136650303 0.2271323693291327
1030 0.01086627379930943 0.2271413417755661
1031 0.01086615089932734 0.2271500125019071
1032 0.01086606957500491 0.2271590083978356
1033 0.01086594792808947 0.2271677233120437
1034 0.01086585838032304 0.2271765639957211
1035 0.01086575353869184 0.2271854828075175
1036 0.01086566603066491 0.2271944155421509
1037 0.01086554367579702 0.2272030443531809
1038 0.0108654625456606 0.2272120021102981
1039 0.01086534179113586 0.2272206809326713
1040 0.0108652523036424 0.2272294828598997
1041 0.01086514808115899 0.2272383627577243
1042 0.01086506068378386 0.2272472552991631
1043 0.01086493856195191 0.2272558433750499
1044 0.01086485790649645 0.2272647624727789
1045 0.01086473708250211 0.2272734001209245
1046 0.01086464828188231 0.2272821647494939
1047 0.01086454383039749 0.2272910025061674
1048 0.01086445696389424 0.2272998559811309
1049 0.01086433473388571 0.2273084025923083
1050 0.01086424490422267 0.2273171350319295
1051 0.01086414245282157 0.2273259610942426
1052 0.0108640545375092 0.2273347874131804
1053 0.0108639337993218 0.2273433210956165
1054 0.01086384325139978 0.2273520222989551
1055 0.01086374068695737 0.2273608134960499
1056 0.0108636525765403 0.2273696094587442
1057 0.01086353134122992 0.227378104297515
1058 0.01086344085473363 0.2273867791572507
1059 0.01086333849794297 0.2273955440953713
1060 0.01086325037440172 0.2274043137316879
1061 0.01086312967667536 0.2274127903095752
1062 0.01086303929141068 0.2274214380118596
1063 0.01086293647026121 0.2274301700660629
1064 0.01086284847560274 0.227438909716264
1065 0.01086272681989234 0.2274473452588374
1066 0.01086263658743088 0.2274559639070012
1067 0.01086253379869345 0.2274646690032284
1068 0.01086244571449953 0.2274733800083321
1069 0.01086232459123977 0.2274817965055928
1070 0.01086223424613868 0.2274903857830431
1071 0.01086213103033965 0.2274990571488321
1072 0.01086204286022185 0.2275077359027063
1073 0.01086192080932049 0.2275161099101425
1074 0.01086183045248905 0.2275246686349372
1075 0.01086172722793413 0.2275333114139815
1076 0.01086163891157234 0.2275419602980749
1077 0.01086151726204695 0.227550313334158
1078 0.0108614268294246 0.2275588414445232
1079 0.01086132298952959 0.2275674479652518
1080 0.01086123461130263 0.2275760631264745
1081 0.01086111189093599 0.2275843715641398
1082 0.01086102142021519 0.2275928674239972
1083 0.01086091751019325 0.2276014435259153
1084 0.01086082888808246 0.2276100268014409
1085 0.01086070656700197 0.2276183126145286
1086 0.01086061589438721 0.2276267756295391
1087 0.01086051135946776 0.2276353137839092
1088 0.01086042255373195 0.2276438608823184
1089 0.0108602991335138 0.2276521003868493
1090 0.01086020837520438 0.2276605293298174
1091 0.01086010369899772 0.2276690353153276
1092 0.01086001463056003 0.2276775483425134
1093 0.01085989147497808 0.2276857626808121
1094 0.01085980048401679 0.2276941561437183
1095 0.01085969507205224 0.2277026217083993
1096 0.01085960580337819 0.2277110966174435
1097 0.01085948151294812 0.2277192630262353
1098 0.0108593903952917 0.2277276206007895
1099 0.0108592848054972 0.2277360517810688
1100 0.01085919520093747 0.2277444905725403
1101 0.0108590711339721 0.2277526290723142
1102 0.01085897973142698 0.2277609493246835
1103 0.0108588733596719 0.2277693372966745
1104 0.01085878348884983 0.2277777355938432
1105 0.01085865825637953 0.2277858236938134
1106 0.01085856669625342 0.227794105901221
1107 0.01085846010420674 0.2278024569407101
1108 0.01085836986671709 0.2278108168762139
1109 0.01085824480632026 0.2278188745810547
1110 0.0108581529155501 0.2278271170649688
1111 0.01085804548016856 0.2278354223879313
1112 0.01085795492177141 0.2278437391036013
1113 0.01085782866350116 0.2278517440312401
1114 0.01085773659314842 0.2278599460398796
1115 0.01085762889231155 0.2278682118846513
1116 0.01085753794942251 0.2278764878829396
1117 0.01085741183692886 0.227884459916363
1118 0.01085731941729096 0.2278926198504501
1119 0.01085721085140976 0.2279008374601867
1120 0.0108571195411146 0.2279090674907036
1121 0.01085699220895294 0.2279169843058566
1122 0.01085689952568779 0.2279251017522293
1123 0.01085679081083217 0.2279332765571483
1124 0.01085669895081901 0.2279414633674482
1125 0.01085657172593291 0.2279493451054733
1126 0.01085647878253844 0.2279574171955947
1127 0.01085636893179279 0.2279655421223128
1128 0.01085627684468173 0.2279736796821725
1129 0.0108561483576202 0.2279815043694913
1130 0.01085605529498235 0.2279895308578437
1131 0.01085594507002896 0.2279976104437855
1132 0.01085585260319112 0.2280057024183536
1133 0.01085572421550392 0.2280134886600702
1134 0.01085563068313232 0.2280214678805654
1135 0.01085551960236076 0.2280294946889715
1136 0.01085542662588274 0.2280375347438165
1137 0.01085529703270317 0.2280452614257128
1138 0.01085520330942659 0.2280531926586769
1139 0.01085509183453788 0.2280611713096246
1140 0.01085499850429801 0.2280691634316997
1141 0.01085486898775233 0.2280768488686407
1142 0.01085477483201716 0.2280847303021994
1143 0.01085466246885732 0.2280926533595942
1144 0.01085456862561522 0.2281005906328158
1145 0.0108544379091828 0.2281082139870707
1146 0.01085434355678348 0.2281160448001957
1147 0.01085423080767362 0.2281239170523589
1148 0.0108541365895243 0.2281318037761098
1149 0.0108540059819704 0.2281393834630783
1150 0.0108539111526275 0.2281471617143565
1151 0.01085379753792086 0.228154975760151
1152 0.01085370275767571 0.2281628046583312
1153 0.01085357099369296 0.2281703200147739
1154 0.01085347596839435 0.2281780451891081
1155 0.01085336195653498 0.2281858056668296
1156 0.0108532668306017 0.2281935816690671
1157 0.01085313516136691 0.2282010506406185
1158 0.01085303966947894 0.2282087207252731
1159 0.01085292479329525 0.2282164204572807
1160 0.01085282908131054 0.2282241357330679
1161 0.01085269630129036 0.2282315382243551
1162 0.01085260060103447 0.22823915267575
1163 0.0108524853379912 0.2282467962534104
1164 0.01085238928311198 0.2282544561834602
1165 0.01085225662445472 0.2282618099331068
1166 0.01085216044098319 0.2282693666081952
1167 0.01085204433945486 0.22827694698427
1168 0.01085194766840457 0.2282845432826852
1169 0.01085181396589614 0.2282918286029893
1170 0.0108517175768019 0.2282993272070356
1171 0.01085160110655179 0.2283068488722371
1172 0.01085150411610063 0.2283143875055318
1173 0.01085137055907232 0.228321621736346
1174 0.01085127389114538 0.2283290611760803
1175 0.01085115638317594 0.2283365158475523
1176 0.01085105881374353 0.2283439891043676
1177 0.01085092419646422 0.2283511518651945
1178 0.01085082717296414 0.2283585309773014
1179 0.01085070947987126 0.228365924786354
1180 0.01085061158639361 0.2283733382445635
1181 0.01085047721071745 0.2283804478738776
1182 0.01085037964368365 0.2283877639561586
1183 0.0108502612251861 0.2283950902272565
1184 0.01085016264913748 0.2284024346647925
1185 0.01085002742465981 0.2284094727406689
1186 0.01084993764121197 0.2284168487372921
1187 0.01084980219022534 0.228423904429544
1188 0.01084970528445142 0.228431126344998
1189 0.01084958443589406 0.2284383438633083
1190 0.01084948613701034 0.2284455876393612
1191 0.01084934980422197 0.2284525284559656
1192 0.01084926014259024 0.2284598088184704
1193 0.01084912392126117 0.2284667695024073
1194 0.0108490344165394 0.2284740098291174
1195 0.01084889557719254 0.2284809116988907
1196 0.01084880712046519 0.2284881202797083
1197 0.01084866873577009 0.2284950063507187
1198 0.0108485801399828 0.2285021799274866
1199 0.01084844055919464 0.2285090207861813
1200 0.010848352071256 0.2285161585428345
1201 0.01084821293179446 0.2285229764362079
1202 0.01084812412580066 0.22853007874219
1203 0.01084798418921826 0.2285368539101623
1204 0.010847895315834 0.228543920568044
1205 0.01084775593552141 0.2285506717089832
1206 0.01084766659815737 0.2285577021140944
1207 0.01084752657200896 0.2285644101250555
1208 0.01084743705933501 0.2285714044494194
1209 0.01084729771466925 0.2285780881661138
1210 0.01084720763684727 0.2285850454143918
1211 0.01084706772876828 0.2285916857845448
1212 0.01084697748444149 0.228598606748481
1213 0.01084683819954287 0.2286052219025506
1214 0.01084674747950116 0.2286121056737052
1215 0.01084660756105837 0.2286186768709268
1216 0.01084651676767989 0.2286255244046555
1217 0.01084637742956855 0.2286320697234142
1218 0.01084628614804731 0.2286388793482443
1219 0.01084614626317411 0.2286453809636798
1220 0.01084605483873202 0.2286521535715752
1221 0.01084591560971526 0.2286586292640879
1222 0.01084582362801048 0.2286653630495953
1223 0.01084568393400998 0.2286717952251959
1224 0.0108455917929918 0.2286784915749784
1225 0.01084545276294037 0.2286848973121949
1226 0.01084536007208996 0.2286915544303837
1227 0.01084522059901295 0.2286979164665822
1228 0.01084512777194546 0.2287045359966297
1229 0.01084498894493274 0.2287108709845296
1230 0.01084489557938783 0.2287174508740567
1231 0.01084475634146369 0.2287237421429821
1232 0.0108446628436314 0.2287302841278729
1233 0.01084452426245229 0.2287365479840542
1234 0.01084443021349733 0.2287430498019282
1235 0.01084429127516347 0.2287492700350673
1236 0.0108441970798924 0.2287557335777107
1237 0.01084405881785388 0.228761926055977
1238 0.01084395760663739 0.2287682491500021
1239 0.01084383288832655 0.228774571412262
1240 0.01084372942086805 0.2287809014834586
1241 0.01084359358235576 0.2287869957665492
1242 0.01084349678917625 0.2287933473505497
1243 0.01084336037547771 0.2287994318305358
1244 0.01084326325220867 0.2288057330958803
1245 0.01084312583099229 0.2288117688574531
1246 0.01084302950500176 0.2288180371645385
1247 0.01084289260851685 0.2288240484393093
1248 0.01084278973638608 0.2288301781747433
1249 0.01084266550530616 0.2288363103478283
1250 0.01084256084508017 0.2288424467516959
1251 0.01084242576367191 0.228848357989638
1252 0.0108423275455212 0.2288545106292376
1253 0.01084219185764775 0.2288604110780665
1254 0.01084209340832722 0.2288665129948023
1255 0.01084195682361884 0.2288723657655556
1256 0.01084185912603088 0.2288784337940888
1257 0.01084172317342907 0.228884261835471
1258 0.0108416191080237 0.2288901940923193
1259 0.01084149529487886 0.2288961346232677
1260 0.01084138959781032 0.2289020729688185
1261 0.01084125570026369 0.2289078030970418
1262 0.01084115590559855 0.2289137520305044
1263 0.01084102143400811 0.2289194686001639
1264 0.01084091580803214 0.2289252779267293
1265 0.01084079262212538 0.228931100958179
1266 0.01084068621814278 0.2289369211525518
1267 0.01084055304188167 0.2289425385162429
1268 0.01084045244655218 0.228948367514506
1269 0.01084031892595947 0.2289539731391299
1270 0.01084021252932757 0.2289596636082986
1271 0.01084008992608576 0.2289653705599624
1272 0.01083998287687796 0.2289710707302803
1273 0.01083985049428884 0.2289765769164797
1274 0.0108397491816141 0.2289822835132019
1275 0.01083961634490663 0.2289877772113233
1276 0.01083950961581737 0.2289933490472854
1277 0.01083938718561943 0.2289989383266218
1278 0.01083927996313006 0.2290045197935682
1279 0.01083914819444979 0.2290099143824107
1280 0.01083904095634936 0.2290154133933256
1281 0.01083891970554557 0.2290209311924042
1282 0.01083881171475518 0.2290264338604233
1283 0.01083868105615067 0.2290317588098118
1284 0.01083857287913259 0.2290371729046176
1285 0.01083845201420497 0.2290426101673324
1286 0.01083834353561162 0.2290480303724737
1287 0.01083821332637806 0.2290532770427211
1288 0.01083810506580331 0.2290586144718653
1289 0.01083798456904958 0.2290639743242616
1290 0.01083787609374043 0.2290693175817005
1291 0.01083774669122056 0.2290744948589661
1292 0.01083763814062762 0.2290797514899139
1293 0.01083751784361824 0.2290850321947719
1294 0.01083740920958535 0.2290902940236834
1295 0.01083727999307159 0.2290953918297587
1296 0.01083717157256614 0.2291005717673452
1297 0.01083705157492429 0.2291057755835389
1298 0.01083694300159486 0.229110959965896
1299 0.01083681466628747 0.2291159894735005
1300 0.01083670594333373 0.2291210885430028
1301 0.01083658626236992 0.2291262141413511
1302 0.01083647301015127 0.2291312438065823
1303 0.01083635411985399 0.2291363132892785
1304 0.0108362449625659 0.2291413803145911
1305 0.01083611722881766 0.2291462865358839
1306 0.01083600865056513 0.2291512751890638
1307 0.01083589005235176 0.2291562923155525
1308 0.01083577699641412 0.2291612111893358
1309 0.01083565855987734 0.2291661646178216
1310 0.01083554934711308 0.2291711133275714
1311 0.01083542230839742 0.2291759064365231
1312 0.01083531366169066 0.2291807765666618
1313 0.0108351956205501 0.2291856794196664
1314 0.01083508284492969 0.2291904844349178
1315 0.01083496482028414 0.2291953229896267
1316 0.01083485565820808 0.2292001531672579
1317 0.01083472917340755 0.2292048324994361
1318 0.01083462094453366 0.2292095902544543
1319 0.01083450338211091 0.2292143796107142
1320 0.01083439107036104 0.2292190722978756
1321 0.01083427350379305 0.2292237970206471
1322 0.01083416465373663 0.2292285127335834
1323 0.01083403445873329 0.2292329987019257
1324 0.01083393471881945 0.2292377601833062
1325 0.01083381491571365 0.2292424374375427
1326 0.01083370375834181 0.22924700482602
1327 0.01083358491397119 0.2292516022201832
1328 0.01083347294880243 0.2292561312234083
1329 0.01083335595804204 0.2292607073119917
1330 0.01083324385300728 0.2292652089386857
1331 0.01083312773661624 0.2292697522292471
1332 0.01083301532736753 0.2292742154009083
1333 0.01083289977719159 0.229278721419554
1334 0.01083278313513826 0.2292832056013537
1335 0.01083267544658864 0.229287539159813
1336 0.01083255665380534 0.2292919473561997
1337 0.01083244663222921 0.2292964295308455
1338 0.01083232918134566 0.2293008774871778
1339 0.01083222231892499 0.229305119167848
1340 0.01083210399047096 0.2293094696634215
1341 0.01083198922108908 0.2293137826660357
1342 0.01083188199188597 0.2293181722176791
1343 0.0108317635937763 0.2293224323170785
1344 0.01083165729708095 0.2293267636641649
1345 0.01083153726122254 0.2293309546584734
1346 0.01083143026365435 0.2293353284750811
1347 0.01083131499890944 0.2293393748915571
1348 0.01083120464175884 0.2293436174089782
1349 0.01083108579139634 0.2293477746840424
1350 0.01083098114056002 0.2293520116391441
1351 0.01083086219285208 0.2293561149651975
1352 0.01083075607691201 0.2293603792813545
1353 0.01083064168338702 0.2293643284329218
1354 0.01083053168481115 0.2293684685470807
1355 0.01083041402618045 0.229372502858529
1356 0.01083030753454424 0.2293767127415844
1357 0.01083019725186913 0.229380630950678
1358 0.01083008455446063 0.2293846786499603
1359 0.010829968231759 0.2293887661647797
1360 0.01082986850362848 0.2293926659841144
1361 0.01082974537560929 0.229396604340869
1362 0.01082964328671875 0.2294006357824435
1363 0.01082952091197729 0.2294046126620126
1364 0.01082942903055003 0.2294084891561945
1365 0.01082930117080711 0.2294123360193586
1366 0.01082919906470028 0.2294162510433307
1367 0.01082908407606641 0.2294202623960112
1368 0.01082898258046383 0.2294239536462493
1369 0.01082886464931104 0.2294278168288527
1370 0.01082876272023263 0.2294317164151208
1371 0.01082864095882112 0.2294355443834159
1372 0.01082854464729211 0.2294392136410419
1373 0.01082842581668129 0.2294430077787942
1374 0.01082832448163622 0.2294468339375266
1375 0.01082820371973197 0.2294504972026116
1376 0.01082810587944502 0.2294542695086021
1377 0.01082799083078322 0.2294580849988085
1378 0.01082788854634321 0.2294616009293196
1379 0.01082777065821478 0.2294653858495551
1380 0.01082767207890961 0.2294689189975881
1381 0.01082755368145946 0.2294726896251946
1382 0.01082745661267663 0.2294762006626512
1383 0.01082733717605641 0.229479927552141
1384 0.01082724096052741 0.2294834053466827
1385 0.01082712222788239 0.229487016249749
1386 0.01082702343380179 0.2294905848388163
1387 0.01082691166679679 0.2294942079094044
1388 0.01082680621592882 0.2294976784744253
1389 0.0108266941404133 0.2295011734634852
1390 0.01082659452999528 0.2295047159003676
1391 0.01082648047334627 0.2295081637660426
1392 0.01082638159295272 0.2295116778717367
1393 0.01082627074501125 0.2295151568085159
1394 0.01082616456959217 0.2295185272233173
1395 0.01082605659109962 0.2295219717062461
1396 0.01082595127681103 0.2295253400684269
1397 0.01082584223838265 0.2295287197950386
1398 0.01082574339955829 0.229532155073378
1399 0.01082563163135201 0.2295354901804194
1400 0.01082553359101372 0.2295388821893851
1401 0.01082542101960044 0.229542181339121
1402 0.01082532347198926 0.229545535743892
1403 0.01082521377529647 0.2295488628583881
1404 0.01082511018184406 0.2295520924854253
1405 0.01082500248034402 0.2295553816889913
1406 0.01082489879236774 0.2295585896201459
1407 0.01082479098644206 0.2295618237224267
1408 0.01082469410313547 0.2295651122061733
1409 0.01082458393173111 0.22956830565701
1410 0.01082448758894773 0.2295715516746742
1411 0.01082437677090677 0.2295747081107654
1412 0.01082427696418502 0.2295778522384346
1413 0.01082414763628762 0.2295813313399391
1414 0.0108240479732915 0.2295842599323227
1415 0.01082395393981754 0.2295873775744773
1416 0.01082383337917161 0.2295907508879513
1417 0.01082372940325882 0.229593630688581
1418 0.01082364162699863 0.2295966821288929
1419 0.01082351182408782 0.2295999590292867
1420 0.01082341695685641 0.2296028243401535
1421 0.01082332514144392 0.2296058973165755
1422 0.01082320389541597 0.2296091435710803
1423 0.0108231067431303 0.2296120489164628
1424 0.01082298847374089 0.2296152019928923
1425 0.01082289536202174 0.229618056708987
1426 0.01082277836458883 0.2296211807680385
1427 0.01082268621515041 0.2296240194015438
1428 0.01082256982215061 0.2296271241108359
1429 0.01082247777455407 0.2296299405607282
1430 0.01082236181680577 0.2296330137709072
1431 0.01082227000421043 0.2296358082968064
1432 0.01082215459840019 0.2296388563991829
1433 0.0108220630579551 0.2296416269830409
1434 0.01082194802242938 0.2296446501740814
1435 0.01082185670485486 0.2296473955155561
1436 0.01082174210250753 0.2296503930097944
1437 0.01082165085189018 0.229653112602428
1438 0.01082153674524057 0.2296560864630789
1439 0.01082144241742737 0.2296587219021557
1440 0.01082133625285419 0.2296617854136212
1441 0.01082123708675891 0.2296643493807248
1442 0.01082113358069709 0.2296673994488727
1443 0.01082100974207921 0.229670221247169
1444 0.0108209298674056 0.2296727252725899
1445 0.01082081750451547 0.229675699273867
1446 0.0108207047879887 0.2296784537402344
1447 0.01082062035098861 0.2296810144319285
1448 0.01082051190408247 0.2296838622928681
1449 0.0108203969779561 0.2296866703276955
1450 0.01082028877884046 0.2296893496938814
1451 0.0108202067286331 0.2296917977142867
1452 0.01082010199886712 0.2296946110249454
1453 0.01081999092203856 0.2296974335030037
1454 0.01081988246656607 0.2297000776161741
1455 0.01081977865687159 0.2297027824173781
1456 0.0108196742892554 0.2297053645203737
1457 0.01081957204773968 0.2297080315340727
1458 0.01081946812507867 0.2297105950722676
1459 0.01081936646920906 0.2297132495678716
1460 0.01081926337625704 0.2297158043490294
1461 0.0108191618341731 0.2297184405180381
1462 0.01081905964088818 0.2297209789829764
1463 0.01081895811841991 0.2297235868470801
1464 0.01081885622777044 0.2297261066841303
1465 0.01081875527135797 0.2297286994452181
1466 0.01081865322281557 0.229731196112752
1467 0.01081855294695058 0.2297337681012549
1468 0.01081845070849751 0.2297362426734718
1469 0.01081835127012921 0.2297387980552145
1470 0.01081824908649268 0.2297412518988109
1471 0.01081814777628211 0.2297437353605513
1472 0.01081804843848606 0.2297462044201096
1473 0.01081795074404329 0.2297487636268917
1474 0.0108178500770395 0.2297511924224701
1475 0.0108177500870546 0.2297536740043477
1476 0.01081764904875579 0.2297560627172422
1477 0.01081754971956344 0.2297585281460908
1478 0.01081744944000075 0.2297609088031266
1479 0.01081735103880816 0.2297633679261393
1480 0.01081725124486955 0.2297657368551276
1481 0.01081715337682856 0.2297681804276133
1482 0.01081705366739212 0.2297705292808239
1483 0.01081695398263655 0.2297729020875139
1484 0.01081685688926933 0.2297752709329739
1485 0.01081676086528465 0.2297777216333413
1486 0.01081666161409946 0.2297800361460694
