"rf_coeffs"
"Iteration" "cd etc.."
("Iteration" "cd" "cl")
1 13.93320234188496 25.85734648364236
2 4.168345158269357 9.323511274242177
3 -0.3949014857928967 0.01380193736958325
4 -0.4993590607342674 -0.8492486235733161
5 0.1824592187194106 -0.4645941502397192
6 -0.248866896168225 -0.2641982010458381
7 0.01433848558208417 0.07587248572387841
8 -0.01669360729877593 0.5115646680772611
9 0.08638796305333946 0.457275741634172
10 0.223189301269361 0.9254013325635891
11 0.05188418064526863 0.4815636402069796
12 0.2857179292906894 0.8930885555728694
13 -0.09041993631997564 0.2749227284304682
14 0.3940204104971176 1.084840577945303
15 -0.110909513090745 0.3236125301637204
16 0.4026397148471153 1.132136238385152
17 -0.158479013064415 0.1363469414406822
18 0.228692784932172 0.7406520099241549
19 -0.0308858084578704 0.3517701966139967
20 -0.0515226225423183 0.2143882715059476
21 0.3167897075448069 0.9579026985421327
22 -0.8419993044453185 -1.328561645068007
23 0.711320756941322 1.342306141472714
24 -1.435179698320078 -2.477370389360602
25 0.4553027923167743 0.7987816340063421
26 -0.5912157025495294 0.01804425846859111
27 0.06375957206396481 -0.03088646528310207
28 0.3450525615655299 1.991950139381085
29 0.1803539450145322 -0.6185688076452697
30 0.8058147716542211 2.503542508397907
31 0.2497234407389076 3.039048095586268
32 2.921662581293601 7.995131298523342
33 0.6432833929235706 4.879342904653136
34 2.97628424491472 7.663378434646961
35 -1.72238367622605 -1.998641306939035
36 1.301299905668235 3.600887567709521
37 -0.3044941990898878 2.018464869044584
38 2.165808156020286 5.164953431033931
39 1.691738370393117 5.209113853826067
40 0.8659468516544966 3.365044388789613
41 0.6320669055351986 3.037970455647926
42 -1.072849187074831 -3.856112490001881
43 1.524295917635743 -0.291630151464253
44 -4.829623284245129 -12.71559444265108
45 -1.447374452500632 -5.695468376484342
46 -6.960579145113038 -12.01970535248965
47 1.635261070138529 7.271717147311645
48 -1.767256569310081 4.332459951128556
49 8.925190832941627 21.11258910317747
50 0.430049887411882 8.168251289840814
51 4.734728253340071 14.65280152389765
52 -4.130469667274608 -5.309775258497957
53 -2.861374867860929 -6.412795520131267
54 1.174874489215594 14.14327561480349
55 3.873483467232357 16.90631382731502
56 4.598424398195292 18.66502388697897
57 6.59485289309384 10.69600709878538
58 6.032412115609008 13.60569384799275
59 -1.660946529749515 -8.348347062453758
60 1.467719135833483 -4.910994456141426
61 -4.003269451968877 -12.89385694332124
62 6.657007727409612 8.733942420952886
63 -1.985283014856015 -3.387239435362464
64 -0.5213037178521297 -9.893236838149878
65 -11.07284728956562 -18.85355925009606
66 11.36864254956607 38.74012049793837
67 0.8967450838634163 15.94946521213244
68 10.8754932819695 30.07737912896756
69 4.050112663322697 13.72475417737247
70 10.90249332908405 15.59498077571787
71 -0.11339403659425 14.31212513876783
72 12.58720813376979 59.85259634845447
73 6.497919625774188 59.83384453243853
74 5.481092228782876 26.00535333152501
75 7.066287648657534 36.77463883114253
76 25.02636253914229 75.54601757962223
77 4.94163124607693 18.33618529280156
78 12.63518028203071 19.04252585155359
79 -0.1156816630669937 7.737950443947681
80 9.266329888391985 7.322140216635796
81 -5.254177113256393 7.455944319204595
82 -10.92407246020376 -12.03571266834309
83 -19.43463251235121 -3.89618796983636
84 31.79571495122035 101.7790400675088
85 21.65596376945391 40.8107642457724
86 9.274543484005264 -35.19368471124551
87 -9.686539802416851 -60.80228252509301
88 -15.05749802905958 -10.18860817485993
89 -8.785399129601529 75.6212996928743
90 -30.19072023593017 59.24072850037963
91 -8.892554351103238 30.71685489938397
92 -9.982846897215644 -38.76589710626307
93 -6.690176073031978 -109.6939696162664
94 -10.17124431550445 38.57486202282539
95 22.19736722875507 189.9825696068116
96 -19.15514352565836 208.4434449741051
97 24.82755957545938 214.7319864948144
98 -2.340990302765752 59.80762426137195
99 118.5787539304904 175.7327309779169
100 -1.180410364694614 -137.2687907099488
101 4.577238566511851 -106.1331077155019
102 -62.57466421637584 -100.041487148966
103 46.80102439923557 224.6231847701849
104 -27.71086926044335 147.4883264725285
105 93.36073236243526 696.5033032138406
106 -123.6420237741607 190.1512286224845
107 -148.568067964272 49.49736461834243
108 -264.2758668503629 -235.4486375721843
109 225.7340586560917 1489.031066386117
110 10.65873956696337 -491.6142346603516
111 425.563652824062 796.2262613804598
112 171.7323099952518 -174.2113060441627
113 231.6754500912267 404.197928639038
114 -289.9212206713003 -1428.574872907669
115 -285.0918036101645 -798.092971697037
116 -489.4727550370671 -125.1899417648114
117 -76.75616233845054 2340.27197018209
118 15.25671845707674 3892.5523706386
119 -424.7038527711915 4821.154626777405
120 9.721870964621862 1333.429038637418
121 -406.1461213622852 3436.635817042362
122 2530.127588346927 9672.918943738319
123 -263.3241525406236 6218.366866955457
124 1865.064560690941 9912.613387118621
125 -1916.525033400843 1829.940565297707
126 928.8762683536326 -404.3237757014606
127 -1934.215969043779 -4447.490187413948
128 1435.946085815534 5288.284073551985
129 -2569.039141968522 -3617.200661470318
130 3301.134554609162 8587.676092394951
131 -5316.832671079176 -11690.52700156854
132 2835.764966850283 7006.858910700766
133 -4901.599671136405 -13778.99608149631
134 991.7858465287885 -908.2048713787829
135 -6738.336989923299 -17559.09892055741
136 7237.278539821452 16668.72957760067
137 -5906.801535995703 -12009.30404623477
138 8323.94119746282 21426.70085961057
139 5312.015107223952 18216.38135555407
140 -16811.59670628181 -11990.22949389451
141 11433.72611273794 48029.8223847136
142 6444.792437714291 39601.98139923779
143 -19691.46930899326 -51448.60107112335
144 8038.962019921826 10373.27132896148
145 -6748.555636068127 -30151.94006613608
146 2268.268221425229 1275.586010772272
147 -13776.5094312808 -39845.04878818362
148 1147.954449211099 -4488.291429232603
149 -13051.70089219633 -28428.02601733376
150 -4253.678407074159 -27595.00080353606
151 -25262.47757478726 -74252.51446538168
152 1460.379193038217 2454.344303190201
153 -3794.652032452962 -2390.869370687525
154 20880.53073160462 55722.94124752401
155 1756.615935232375 -15884.5958268049
156 10617.90583020108 -2181.67697371388
157 -23704.74857253698 -108397.9959610386
158 -14632.83995941273 -3820.892599299547
159 2559.659681270065 65536.01525686825
160 17666.00757417508 193093.0466182758
161 -37108.3985498296 323.2288517962685
162 85069.26927126688 421638.4261059873
163 30874.75741386615 137102.7032976144
164 -51523.22132154474 -178651.1363715612
165 9425.043952973318 -67136.04740453509
166 -48917.14628118669 -122384.6821071049
167 -11854.57774741026 156237.5729840401
168 118128.3940386753 785909.1965659661
169 214788.2376173826 1089997.74281339
170 -39307.53682782967 169259.1910744056
171 43374.31553005322 29862.03268838983
172 95986.22644849168 238800.8063445702
173 155341.1808875515 166734.6367450651
174 -45158.3967616242 103337.5480129672
175 210271.572034303 1035539.037937218
176 59684.92544505864 1233049.709431945
177 477262.0328913025 2399691.512687903
178 101366.5852418104 1184561.716133406
179 -235402.9389169909 1209258.026071361
180 -90524.67885689235 727217.9166301598
181 1306485.510295922 -186869.6213575712
182 -501552.5785725939 -553828.2831350773
183 285168.7720790465 1753294.131538076
184 -337395.0959288506 -591615.836405193
185 90935.30330331685 -336720.0665671985
186 -215066.4796998973 -416112.6286331997
187 570365.7387726702 1521541.188171896
188 -623217.9917699124 -683965.5910455999
189 864217.3061978084 2057877.583208435
190 -706109.6469494948 -1426467.539020772
191 213856.1392811878 -1022802.263755462
192 -1743553.841178253 -5605633.197426821
193 -628831.616761085 -2844764.89138841
194 -1270441.229483834 -3713454.220184001
195 832159.207356251 1979669.645682619
196 -1385925.635057698 -2740159.035224449
197 1041325.57942398 3163808.837996232
198 -1619479.750975203 968034.0551918711
199 2801269.318440988 11170660.76637704
200 -854088.6692212658 -1171465.559656047
201 3558042.345608527 9817588.528990673
202 516740.9240786607 -3163488.96111108
203 3047232.718003048 1594191.49551596
204 -115895.9441264337 -1203773.459288273
205 7463506.440249216 22629729.2334881
206 -2275757.347195663 2507132.338743236
207 962840.2353986241 16352993.79822659
208 -711976.0731134706 19016844.85556588
209 2511893.151705104 21307104.56915412
210 -10768219.39366848 -32751587.85735089
211 8211875.859328306 4611511.356497401
212 -5445946.659326508 -45221351.3582986
213 -1662513.062368233 -13890918.19693102
214 4415918.219362943 603940.9695545618
215 21105543.72161566 81471581.92606315
216 -1728356.622609661 80354589.55181415
217 -3932016.13354685 88552046.49142198
218 -10985065.15503274 27626592.27754959
219 14602832.4814199 78924847.63114724
220 45995127.85769042 175678523.7521347
221 6193815.894438794 41633154.19555278
222 -2244947.259844398 45668256.71039745
223 12438958.01776211 134910633.8000694
224 -6262381.675930924 -38571257.64022728
225 -6573540.559274313 -113055529.0838664
226 -13894507.19972806 -226931290.0774212
227 -6059160.140713096 -96205729.89285676
228 -49861429.34916679 -207967246.7335635
229 -1440093.127418232 -55956237.30702593
230 -45029790.33413284 7242379.889850416
231 61707249.94662127 215556853.1032718
232 24657844.15110519 249220362.9742979
233 182472805.425843 801471181.9660208
234 -71417485.56059237 269879606.3458678
235 -18961718.09497487 362910370.4501839
236 -57254432.76501967 49951451.01131312
237 254358573.7472096 782325702.976317
238 -190072144.015534 -1083499920.137741
239 259839776.5348814 -33928443.69905847
240 175779505.0834679 192386823.2910108
241 367735999.2234606 1253461070.585109
242 -40409517.66082503 168182738.1472471
243 65764918.49031679 788143891.7600636
244 116918878.5435916 518760288.2053006
245 -28726100.44127148 572245017.824427
246 -216316991.940699 471642672.4614191
247 -181017915.0662525 536788157.7914346
248 453718770.6649878 2363484456.640148
249 174597779.3987651 1434374522.097485
250 -267778549.0617235 -1127958652.502113
251 -158675112.2863718 -16469176.11886759
252 254256080.8510084 749501372.8270335
253 179191209.8093251 2648733267.823249
254 594917759.4274142 3661533611.509364
255 -268313623.7716344 1833573174.549455
256 291584417.8065713 1003842974.806723
257 1245460132.870054 6886322959.912697
258 2333465717.633316 6386930767.238548
259 -899111124.5626355 5991659943.274351
260 444902866.5721344 12002359555.489
261 -5346752877.946957 -1335337897.776766
262 4926542838.862392 18452455890.8135
263 -5468929895.978514 -5571368156.152543
264 6304645377.8985 11008942636.98507
265 -3635164990.087175 -10020200073.26336
266 5156797385.621838 2913866702.262287
267 -4106301332.364964 -19441551724.12526
268 3452686024.361081 -6109728038.889759
269 -4100257521.259826 -10498858343.22163
270 2094763566.952358 -3089361897.114791
271 -7718191798.780833 -22568880034.85742
272 9929806133.167791 18363365043.72435
273 -8711254363.963102 -5355229669.173774
274 11678219913.25781 46849908939.74818
275 -1280693034.286555 25805115155.46562
276 21913452003.70855 70595371126.91193
277 -11667330424.37932 707659987.5827453
278 10313257979.76009 43047906042.58835
279 -25833027857.61364 -45682774476.67752
280 20126682901.03934 43962843774.48193
281 -12973447212.09484 3202907399.631807
282 15326208019.65325 -15187105445.78417
283 -24414026403.92783 -94651118292.46973
284 50725237549.70113 134999277521.5359
285 54149189999.70586 138447030013.3938
286 -63488830365.1199 -21227300137.78688
287 -72766908760.90556 -357727328644.3451
288 -7148179600690.227 -21656107793955.28
289 -12793795256281.22 -40450389030076.16
290 -11299599588836.1 -34666336283536.98
291 -902976614312.3641 -2580021293255.735
292 5563098016520.664 19955091184024.06
293 7394678083178.699 24575428776862.67
294 5024419512434.185 17474052687465.35
295 1402865295893.365 5229224861620.309
296 -2975270187567.287 -6467027754326.117
297 -3698862161647.514 -9422082775209.225
298 -2912039051675.806 -4797819463983.898
299 -2007374829717.475 -1483487100978.004
300 -687279515743.4562 914096309624.2491
301 -1006517327961.153 -775092992446.6108
302 -1414242008057.106 -3102450545913.388
303 -1624374055352.927 -1989124539743.99
304 -367292528229.7844 -569767240015.8403
305 -33045364974.11022 2100468670612.676
306 -236238704256.5981 735414200724.1914
307 -1643508371307.725 -3597086345888.521
308 -2064577609639.699 -5426619666069.383
309 -2262883659365.372 -9112732588912.617
310 -1334832718610.484 3067335525634.127
311 -653491011238.1218 -128500007581.53
312 557724439771.4636 5409245756272.344
313 1175735230249.325 396967097113.5215
314 -624276223210.7462 1200359785727.466
315 -1106028769777.09 -10376447702438.86
316 -4093980255005.289 -945683006085.2386
317 -47417268734.24231 7763895191645.09
318 -2787411675465.115 36585182019970.39
319 -590519261777.223 -10331120119752.48
320 -3104480074594.308 -27342724159326.07
321 2800154027390.735 1350120014782.889
322 15845134433853.87 33378875496986.48
323 613716605106.7701 -63992751217353.66
324 11803557259298.62 30264638919505.04
325 18368852603621.22 110264201121551.4
326 41456647906066.62 162332712752780
327 -160213468272486 -529987257514794.5
328 -80464343410968.91 -215047475356532.3
329 32996487497852.41 -407009238948536.8
330 -169652332336601.2 997435225402051.8
331 -660711331623408 600424717254426
332 -631501779829311 -1085976283860346
333 342735023717626 4281049986005898
334 1550638977368971 1.175677020830239e+16
335 5491617402302266 2.284452489582137e+16
336 3014157752289206 1.472413400993698e+16
337 9.045092577412261e+16 1.804989754161356e+17
338 -3640943377400595 -7.430688135631291e+16
339 2.028885864604779e+18 4.500286960723042e+18
340 1.767414168013134e+21 -1.78290918941607e+21
341 -2.26200252861132e+21 -2.105104530117933e+20
342 -4.706691300976514e+21 -6.109542085815839e+21
343 -3.752382836641372e+22 -9.199594997996156e+22
344 1.056429442595541e+26 -2.668268799837749e+25
345 -2.546291416682257e+27 6.063458978223106e+26
346 1.213142405711844e+29 7.723610115699731e+29
347 -4.320204432495144e+29 -2.590129057771123e+30
348 -9.19099676545868e+30 -6.259730713381352e+31
349 -1.273764130659402e+33 9.03604824575607e+32
350 -1.048570539502493e+34 -1.301695265400082e+35
351 3.481884191628305e+36 2.412830354235457e+37
352 2.315995590989932e+39 -3.660748673735673e+39
353 1.434462568740812e+40 1.757641990558802e+41
354 3.737616166959732e+42 2.677842250949298e+43
355 -5.662026957726146e+43 -2.954496454799346e+44
356 2.968381232023025e+44 5.006904875494542e+45
357 6.770535235974931e+46 -1.13154745999536e+47
358 -2.87594203906777e+45 4.548619264724705e+48
359 1.927260407351875e+49 2.818163631111408e+50
360 -9.906349527018195e+50 8.821036447559369e+51
361 8.494056455272573e+50 -2.816753689530051e+52
362 1.016312850578678e+53 -1.377250820194071e+54
363 -3.576076354941251e+53 6.797004499428085e+54
364 -9.496463016394811e+55 8.859816056151939e+56
365 3.406995126452401e+58 -2.804072981597234e+59
366 -3.130011411130024e+61 2.019560195384979e+62
367 6.604826080287893e+62 -4.246053200652729e+63
368 -2.270122760312367e+64 1.26309854991117e+65
369 -3.202353949149202e+64 -4.013438835992949e+65
370 3.015856508100932e+66 -2.107083046861486e+66
371 -2.489012687709407e+67 3.90165604613668e+68
372 -9.919549101835218e+69 -5.864233357418479e+71
373 9.564696511466004e+71 6.419250941660542e+73
374 -7.421988336601304e+72 -9.762024662184039e+74
375 -5.009991061858391e+76 1.258700585509583e+78
376 -3.213477062782092e+77 -2.396710864646055e+79
377 -4.298648065470249e+79 1.414619714039443e+81
378 1.055294968685378e+82 1.888608359135453e+83
379 1.61459311425529e+82 4.59822279768418e+82
380 -1.479248874578445e+84 7.763841337244395e+85
381 3.206009908325023e+86 -3.925003351381854e+88
382 9.664174511819363e+89 -6.809958043899953e+91
383 -4.660213208517572e+90 2.417848635115723e+92
384 -1.103878955738293e+90 -8.941776252987226e+92
385 4.692643722323027e+92 -3.626891102539071e+93
386 -9.538195444714914e+93 8.724158562393751e+94
387 -1.191199076889797e+95 1.465754276883814e+96
388 1.177500478392463e+96 -1.048882324605794e+98
