"rf_coeffs"
"Iteration" "cd etc.."
("Iteration" "cd" "cl")
1 14.7919590355768 26.57604102866185
2 4.144503037813694 8.97201036555521
3 0.2805313689958333 0.9362640098751596
4 -0.4434632260537579 -0.7292458038790198
5 0.03314039860029811 -0.4446918082944696
6 -0.3658111629986774 -0.3427559469622942
7 0.02106158037801298 0.2304086926733447
8 -0.03041040977191563 0.5880729671178506
9 0.05243466570923607 0.490825610403163
10 0.2296663726019763 0.9338377950124915
11 0.01329952492316465 0.5252277538271599
12 0.3769826487118858 1.092907779343911
13 -0.08661297605955795 0.374445817968059
14 0.4625970889648277 1.222159008434044
15 -0.1145293973314194 0.4576928117536039
16 0.412051811200174 1.122946145202631
17 -0.0589432410346948 0.5553123764114745
18 0.1189610201124386 0.5863437887803413
19 0.2756215288870143 1.052639791627185
20 -0.2353624004772882 0.09451644182816672
21 0.6056258007752717 1.680632044518121
22 -0.6448714072014715 -0.6315399899722741
23 0.7463766627161585 1.802158641239373
24 -0.8168446850954811 -0.8576171374776218
25 0.4920145802072055 0.9668613972522113
26 -0.2932444455468488 0.2765968688124952
27 0.06946979355175417 0.3696977425925562
28 0.6110819455252411 1.915381680919863
29 -1.032764396967837 -1.344485807241695
30 0.9856245803197359 2.720517772169587
31 -1.22601144089167 -0.8522013669515219
32 1.994692675167007 3.222893177300244
33 -0.470353031569768 1.048159139103264
34 2.328957723406766 4.458413865274753
35 0.1479952882394387 1.350099551573873
36 0.02717935658550994 -1.424304916018704
37 1.893353503075077 4.268191343596616
38 -0.7658116960864452 0.1534608014544505
39 3.811176669240404 5.921905903837702
40 -3.21872697724267 -1.129899239140529
41 3.978108418507632 11.28013535054859
42 -2.413827858123207 6.382791793388939
43 7.674345375390006 24.79514142621259
44 0.223953474114768 12.06997622585249
45 8.074155674984977 20.34449525505834
46 0.8857052809560907 9.12915846199517
47 2.926215156570591 7.068645454909301
48 3.17606226268948 6.469853060641896
49 -1.100505473883557 -7.417779941133761
50 -0.9634030695949305 -7.080547933591738
51 -8.101747893532048 -22.05404338897871
52 2.067380052128566 -5.2672874460918
53 -2.256862612405748 -10.48063333694833
54 0.9970252571083159 -8.240288799684995
55 -10.37592793146084 -27.0365586523386
56 -7.781671399440861 -31.53535778484058
57 -20.5822235780537 -44.45095556746909
58 3.920239419602234 -1.530339868003096
59 -10.87230160839583 -23.86174984626059
60 -0.4267846294368524 -1.806303337252935
61 -13.54717073676443 -30.54699991751313
62 -2.685532092465373 -13.26589253101023
63 -7.723975030727806 -23.46728072659828
64 7.233869202638616 20.19604068536748
65 -4.128518090853242 -0.3106434648597166
66 2.087493173144811 18.27581376180553
67 -0.4173533806800825 27.92542366686617
68 7.584385127945112 56.59820286441324
69 -2.787888361743985 34.9228777401739
70 10.89340104364301 83.06179712105151
71 4.622909342535244 63.71023005271942
72 16.0548652182413 97.71262156868001
73 2.834256041611953 99.12102003826911
74 3.4280319076513 60.83382585405975
75 -9.444259863064268 5.476713992461041
76 1.687017644663345 27.24840642069131
77 -11.0861596305324 32.16714617588444
78 13.91251740238339 41.80927443201811
79 -10.5583711890334 -31.69186491463547
80 7.644133639766868 -27.4297534872394
81 -19.20611236101802 -18.74385875686201
82 14.2499615156165 22.03333816378047
83 -49.80350889556994 -159.9915894187103
84 -4.707900031287247 -92.22123907538
85 0.8822106973077261 -122.7428187976413
86 43.15992619177055 -14.5725589051381
87 -23.97795470324034 -158.9693740202112
88 45.99848592363318 59.21524309273612
89 -24.04037247951385 -42.24213868932625
90 0.9435643335189794 81.68871674199356
91 -48.90611914367592 51.17685793283407
92 -15.6015427914439 92.50037125349742
93 -30.57431641112339 91.63461817306995
94 34.44924514344603 283.7377894306909
95 -26.92907390496306 397.4349051301079
96 69.75316497874319 637.5826304602473
97 -28.50308309099065 549.3980842064954
98 72.57106961149621 707.3331424928419
99 -117.3597601722654 -396.8207047953492
100 24.4483513409288 -420.5272345551471
101 67.94652155774276 -431.3301554282422
102 13.84249187190072 -92.88783222050856
103 5.140984281149234 175.5365966904928
104 -100.9306827640175 686.90201130305
105 47.081088848946 946.9380454738853
106 -222.0745654843425 724.0946510478292
107 167.076629913628 1043.459035500524
108 -379.6028943417762 -381.6586451040331
109 -47.31344772878563 -389.8432081705989
110 -422.4098835413646 -1590.369996571623
111 33.55212297735195 -1043.214532425857
112 -211.5542631067361 -355.1944051354106
113 471.5296456423642 1326.66050091638
114 -257.7452123822682 -632.9075952224292
115 237.6791404007023 998.4597698879423
116 -136.084593149823 -372.9141150970584
117 284.1212845766868 637.4728472360511
118 236.5675895711961 1782.680010651303
119 1087.648815454262 3314.388970356544
120 -65.37814934662097 860.9136276755539
121 543.3642991905615 906.561049725605
122 -435.4256572372816 -842.215272030491
123 713.2607546442018 1596.770263984368
124 -309.9469549928088 102.6479886278547
125 441.3362097591254 1110.998082830591
126 -70.9228029257997 80.45868548013171
127 568.2703837220572 918.6694976699329
128 -567.950218827242 -1855.7421754537
129 786.44194775683 1408.639412893134
130 -1771.298263158327 -2259.931017810305
131 815.1269441760339 6495.684052937891
132 -1298.286814905198 1761.498855506695
133 1068.553356406363 4167.774475013442
134 -643.0667316300737 -1611.493990508713
135 1631.557483618287 3849.924123480417
136 -2088.213600435741 -3928.988714556879
137 1628.35612423985 9060.546103345985
138 -61.9693855240826 4251.781119177965
139 7097.293797527499 20454.79715289566
140 2457.248866774587 519.7680914880671
141 4250.661696714729 8356.462487897081
142 2569.398462029481 3073.225076755433
143 368.8619744927223 12332.24647520415
144 -1253.759935365076 6407.227618579424
145 2366.563010945042 21540.03284150816
146 -2520.104869227059 -5793.731947472662
147 6379.292861749702 21469.00002111519
148 370.0232201316993 -3208.574668516947
149 -8041.945544706817 -22076.27490736129
150 1177.96719977552 -6753.538304076972
151 -4398.435336687753 6278.833459488724
152 12092.43946133487 64504.34628058299
153 1934.970975716096 45826.66097196321
154 5765.840287812624 -14028.58763341407
155 -15325.3355830327 -62031.96847598295
156 17296.9678663288 15717.09000333007
157 -13194.40591969675 -13938.68315675455
158 -3250.022286488242 -4867.821509848137
159 -19559.31381257515 -11542.74244587424
160 5846.254890593198 763.4991152271479
161 -27994.54289947368 -24242.22577705481
162 77314.46881647655 181125.9561652434
163 -28279.60352609369 28695.55448069373
164 27418.79605354863 170570.2306513816
165 -23543.33073958003 133331.5270661544
166 61393.5960190787 328765.9922753078
167 -97787.7758220929 -58294.77703582009
168 112857.5413117506 367695.6551389782
169 95980.37451720997 231741.9659789765
170 -246394.5610720492 -257694.0427615386
171 159325.7554289985 566621.6295904614
172 -32607.33791256739 286698.4738942785
173 57091.42714436071 374503.7143814586
174 32718.95179266048 363973.4937695758
175 97708.96563368416 320350.2827263925
176 -78943.49847507845 -263649.9811968016
177 -66552.37506733659 -370512.5465457595
178 -55869.8368560321 -152225.3408427317
179 81671.59107416937 260642.8173133575
180 -61224.25895367491 29785.36743374612
181 138214.969870165 408351.0872189955
182 -69139.33556185442 -42968.25835559423
183 115557.2698151193 131002.5238925902
184 -37861.64354995475 -205760.598555759
185 11767.85407255978 -112477.2826861547
186 44476.96284808944 192967.6960889291
187 102971.8999041912 367168.2638638534
188 24910.66797414952 185907.447185479
189 170208.7080082771 311196.6538623613
190 -115017.2054134956 -302067.7609412413
191 -39621.82181785961 -188679.661570185
192 -155597.3889592203 -204932.9259646804
193 -55031.88841567183 -121980.9335826029
194 -118117.168791028 -209979.4819463443
195 62461.50840942785 93930.63620449256
196 156053.1630677087 357705.9871884582
197 367930.8702287881 1037238.218319419
198 162174.6429112739 837213.9095054244
199 487008.2126754498 1320721.334813224
200 -44678.57710118189 321594.1974296839
201 108625.6708135578 344859.2652836708
202 -331109.8674340572 -623347.6942488656
203 266878.9043225176 508365.7436977579
204 269568.5915125824 819877.4948999333
205 483087.9181651721 1425638.682044896
206 -586899.9613675136 -735762.2937167783
207 -22606.0670304664 97253.41358027162
208 22767.08410726959 -34381.80493075676
209 507276.5977373313 380181.8757340474
210 -147306.0646314641 -788282.9466151658
211 -182043.8828376443 -1241384.691260838
212 -260850.1518351467 -1278862.150377626
213 -840311.7043818339 -2355453.903672487
214 -943104.4894614718 -2575547.882770479
215 -254899.5126686073 -2027981.322802885
216 -150081.0877876352 -373654.5261283389
217 440684.9461137574 1972609.525296047
218 805716.2146228092 2870770.531908733
219 1231042.471053864 2975611.012511421
220 -159488.0810003758 405837.5003864379
221 1826220.091947716 5643640.100959114
222 704593.340136042 6340422.671348465
223 2659838.744924034 10501492.16730536
224 553118.9419611571 6196610.461521185
225 4046418.535516309 11848767.60372197
226 -4664481.723789103 -6872233.625388403
227 2247751.59717402 9533213.730358418
228 -8335002.299269117 -6382661.60825801
229 -481485.2874968514 6156761.795212637
230 -7547315.236906952 -9066185.344721192
231 6741008.89752542 28422719.40794354
232 -10654048.90572146 -9298355.479143202
233 -7221082.485629154 -4218916.544791196
234 -4933126.789380373 -270450.289243407
235 -452576962.1696724 -928239270.0931672
236 -4750961057.864595 -22870065260.2754
237 24772092236.16445 35217894350.59758
238 36034482533.97442 60820191638.10038
239 29401842947.39985 52891105658.67762
240 16092295977.31048 32654858340.86565
241 2232267161.148188 7114079142.714493
242 -4493336175.128671 -7309953941.446186
243 -10565695457.04261 -21500459602.601
244 -13402737565.66999 -28078529963.25945
245 -12084042334.42806 -24587044876.49097
246 -11456696632.13651 -21331906893.74907
247 -8086168135.442453 -14032181854.07532
248 -6726865447.526299 -14787996804.91848
249 -3698408441.226939 -16058146138.24836
250 -612547767.144278 -4249597989.76293
251 1846741364.130625 6556887639.730612
252 898646622.7762736 6911594728.896194
253 -386415849.8215951 3189553667.173436
254 -2670923326.081491 -4890767254.779552
255 -2497827821.168839 -5376696032.139667
256 -2593692912.526694 -5747462134.374681
257 -2052115728.817222 -3482684409.435323
258 -1851710552.43902 -2919862075.715062
259 -1625904061.497765 -3037786250.664711
260 -1427194426.290017 -3589768876.170087
261 -891601679.2041919 -2890663567.958822
262 -163088286.7094672 -1445560136.959479
263 1220459820.808446 2224608060.474793
264 1895523913.360124 3858305337.835243
265 2034587467.650771 4027405528.325163
266 2192758428.74528 4219532446.769986
267 2563519467.782014 5149195608.755813
268 3063373347.988364 6333378610.334949
269 3529869908.847493 7521463762.584295
270 4111222179.357767 8789542273.369205
271 4294329516.626144 9211999915.518217
272 4254496634.663029 8761700536.991638
273 4351040750.398284 8997523501.125154
274 4397002422.521553 9190295865.322237
275 4521215098.069639 9781517172.2062
276 4588141228.624666 10286947225.98064
277 4748983667.192392 11096384114.58286
278 4797150896.227799 11591327359.91109
279 4947836476.191965 12577112472.38548
280 5059296154.469311 13378057881.42553
281 5218100198.957339 14225395846.2485
282 5479507547.632684 15341022250.99836
283 5754968129.657826 16384657617.50644
284 5950182696.322853 17223981557.66517
285 5989671734.613289 17727053194.01711
286 5898575568.006818 18088731718.83119
287 5723514405.298021 18178132787.24893
288 5465157185.405524 18356622266.77395
289 5127401835.125024 18035340623.42619
290 4745093228.855629 17630243180.21698
291 4262263627.130945 16971024518.4376
292 3748904591.325909 16280362957.65886
293 3250829675.706723 15367506702.98511
294 2689657317.270019 14290641070.60577
295 2371296290.181553 13724302681.41803
296 2238435692.34655 13716017266.63974
297 2244306414.220366 13913396524.64278
298 2153514944.534581 13765281051.13048
299 2328423132.66659 14447458194.33437
300 2272744045.365328 14424551807.19095
301 2188313472.609586 14143342793.68842
302 1989655273.027107 13691688380.41109
303 1748926581.005686 13050307072.76804
304 1471063568.357456 12465108875.16106
305 1153979254.211444 11631441580.10166
306 848025510.0985328 10823774553.41097
307 520662256.5340585 9904555333.126257
308 239944686.071722 9099018510.636206
309 35452085.33697297 8308665112.926005
310 -71013084.28161059 8075081960.662213
311 -328972277.9547711 6866514083.000561
312 -471437822.5035235 6439510453.532514
313 -526361132.2414209 5766637097.794003
314 -620025151.6844766 5337321003.245282
315 -844303275.6871594 3982853558.738524
316 -924142362.3982173 3682918082.167422
317 -897545269.3995521 3253469391.208905
318 -910027896.9477948 3118324007.588342
319 -910704795.0395124 2636914339.373255
320 -835387888.3940805 2737391501.374023
321 -898018747.2702217 1980082237.70231
322 -894424339.7082229 1738091113.542486
323 -948704691.9005715 1113573750.977377
324 -883211372.3304467 1292578606.010449
325 -648930255.4784555 1657817002.524642
326 -560082163.0098643 1451761861.855718
327 -475715272.1989233 1319859767.830716
328 -263505561.8198014 1256195006.073138
329 -190589495.6523442 1280966528.795102
330 -66087075.9936503 1347592333.117467
331 43858245.75004964 1483419547.737558
332 211721571.5048516 1947175746.07786
333 394445628.4971715 2123912507.512631
334 498789123.3441721 2147027052.380995
335 353293005.8926067 1780110316.506873
336 506526791.3975047 1863983281.408022
337 547552167.6703221 1559820751.825143
338 742352687.7453393 2118607258.5514
339 897337198.233946 2738828774.900924
340 944741148.3040729 3123005262.316201
341 964580250.5564082 3349039176.169536
342 1065005063.879182 3504312017.902681
343 1013028229.218438 3092903939.257474
344 956115421.4537165 2518046577.311343
345 740148101.9606487 1401177424.418683
346 489660388.3349785 393085449.6930745
347 247550686.395711 -330787545.2457628
348 -27457796.61727744 -980408863.0934274
349 -227496015.4626133 -1144418729.200397
350 -320920255.7616812 -1502348504.931989
351 -393087921.8524148 -1611415700.069952
352 -458893160.535016 -1771538312.524346
353 -591566609.3126686 -2334782545.195375
354 -717633931.5346243 -2755268920.033032
355 -828983430.728289 -3147503837.071272
356 -842323021.7941765 -3396705520.041099
357 -848355547.7405207 -3415248049.072388
358 -789235822.4774915 -3442462067.205833
359 -641176201.3802074 -3103118476.66253
360 -443403825.439989 -2648136868.90922
361 -245570415.7498864 -2224567813.459676
362 140681879.3457584 -1236700178.835958
363 342844762.0729641 -814581131.4140232
364 467079640.493668 -623924560.2330811
365 576137953.1938335 -385832903.5356117
366 569101307.6865835 -407832958.4934937
367 617766302.7942902 -300379745.1294429
368 538090494.4594462 -546282271.1685207
369 481388483.9014274 -682500619.1723067
370 482817562.6679779 -848362390.1058313
371 456469283.1342658 -960005885.4671285
372 445946265.1196514 -1250279069.554445
373 360413013.5522449 -1594301137.588766
374 194699591.1293017 -2189137905.491477
375 70713349.92365803 -2634571995.12789
376 -108076893.3701048 -3223383769.240084
377 -164403745.1596646 -3442338331.950597
378 -267432762.8215245 -3882589907.726923
379 -310613572.9103475 -4050260663.779865
380 -286843107.1275344 -4135018102.388721
381 -295304546.0524324 -4234654365.729818
382 -345379663.1544909 -4419644257.611393
383 -418753211.8605273 -4646678657.705214
384 -528894223.2820497 -4911018873.180444
385 -621830519.2058908 -5116022007.225046
386 -818848103.1587049 -5508560212.048053
387 -906042039.059872 -5664113236.121698
388 -993651649.4566354 -5793363030.491588
389 -1097750927.521244 -5925657963.996514
390 -1142762170.614111 -5935987531.002131
391 -1111649103.371468 -5687880238.68372
392 -1048428868.61994 -5365567375.5822
393 -1073413111.588624 -5270874346.969249
394 -1105965553.233218 -5125601812.060452
395 -1127971312.092876 -4931516422.72871
396 -1104357756.633875 -4564271658.802604
397 -1134582903.534822 -4298051340.071713
398 -1120398136.611477 -3936513515.304375
399 -1104210996.657346 -3586945606.780426
400 -1162761442.796342 -3447089805.727638
401 -1208497496.634332 -3310185298.023254
402 -1284783309.99089 -3304491660.635534
403 -1352949000.171007 -3315164483.934968
404 -1398477340.720397 -3309710313.458656
405 -1416158348.602981 -3235348122.071678
406 -1393208072.072048 -3067071188.559709
407 -1370200865.890233 -2914992980.367912
408 -1327368230.911334 -2748103200.706471
409 -1352593226.425602 -2720431585.135841
410 -1390014548.50376 -2798700930.29671
411 -1535457025.531186 -3084601284.475235
412 -1633603825.253679 -3335109172.385518
413 -1673450358.570162 -3422494516.706445
414 -1703497515.537231 -3422166626.268964
415 -1646738972.399078 -3289933548.778581
416 -1628194612.966367 -3193088077.873862
417 -1593181981.019254 -3117274858.772862
418 -1558633254.932035 -3087046157.357679
419 -1545446803.597833 -3021914601.493657
420 -1535659815.883492 -3075911735.18821
421 -1552775137.649825 -3105817308.27132
422 -1457314621.180997 -2861611589.439965
423 -1301746806.548693 -2590101882.813449
424 -1270173373.759378 -2394064379.305019
425 -1083741009.834859 -2120898548.496856
426 -1133825488.130025 -2209873703.116064
427 -1045638866.102195 -2041034116.332982
428 -1075333776.766138 -2275369340.808137
429 -1175289083.463155 -2435654316.613225
430 -1093587121.143823 -2550098127.873385
431 -1301161123.399272 -2908060395.224613
432 -1219396907.93508 -2849520044.989291
433 -1225550829.565721 -3016115241.341308
434 -1347493203.121933 -3146807502.176627
435 -1162912016.93656 -2915394531.190756
436 -1499710882.655356 -3658162927.022809
437 -1365310852.181754 -3493622311.963517
438 -1428186148.877833 -3659227339.269807
439 -1509173826.4305 -3730052113.974076
440 -1402156917.715113 -3799963970.435883
441 -1537090623.725165 -3946995597.495316
442 -1358028884.942403 -3680590621.917811
443 -1441305304.231501 -3831093558.221216
444 -1439389094.102696 -3660336595.20462
445 -1370068859.097474 -3655826807.851632
446 -1490275651.973359 -3707108251.218365
447 -1398815552.323967 -3621017114.223802
448 -1504325796.820203 -3673465360.882462
449 -1491463776.133065 -3641210212.111056
450 -1528234826.788736 -3747627026.74021
451 -1521188768.368587 -3567905027.712
452 -1509329041.552426 -3635947764.369169
453 -1631298374.9705 -3776695034.784221
454 -1636923332.605017 -3917769911.960207
455 -1769236746.361764 -4063955323.551387
456 -1772038071.826634 -4107200196.315173
457 -1844223402.715415 -4280174597.972814
458 -1937619181.352142 -4327074958.2456
459 -1909156376.958258 -4398317569.347645
460 -2079848731.10411 -4480085785.961633
461 -2029617204.860716 -4558669116.121888
462 -2395936491.674152 -5158739030.89619
463 -2320561415.754682 -4860953610.915759
464 -2376945490.702518 -4967010840.971583
465 -2421489196.346506 -4756413022.200137
466 -2412863026.202436 -4740642633.430297
467 -2621482400.459913 -4832180506.918314
468 -2398553913.380892 -4372438188.785099
469 -2473688969.491391 -4410095307.725381
470 -2496340240.201302 -4298791275.528999
471 -2435414445.630083 -4303373476.939179
472 -2613077333.017462 -4226435462.464931
473 -2327750213.185391 -3970348180.74804
474 -2646599990.983794 -4355396469.688463
475 -2454277015.227635 -4027569839.50233
476 -2397258051.009534 -3776227845.863559
477 -2538391079.874116 -3794570311.901646
478 -2157331402.090134 -3524947611.28426
479 -2681983125.328484 -3824130399.591424
480 -2719711212.006684 -4295311846.522092
481 -2886937330.147718 -4795842737.434072
482 -2436183316.914844 -2990152960.844878
483 -2114906249.311917 -3358145561.592594
484 -2634690697.668869 -3317424412.491292
485 -2513879181.542101 -3292395424.9917
486 -2851167337.85764 -3710275736.681019
487 -1921519710.458045 -1847641826.175076
488 -2560407229.373659 -3868776784.32922
489 -2207060357.235456 -1622145149.563594
490 -2149533823.122731 -3016600395.152689
491 -2463940924.80639 -2734649170.706604
492 -2107336702.578671 -2810645611.979795
493 -2628741544.391786 -3717157747.219748
494 -2491853755.890487 -2983614628.070257
495 -2703815908.562987 -4391085566.208408
496 -2538547122.167387 -3955258177.298482
497 -2734286748.29863 -4572717096.074411
498 -2695872707.247706 -4872889467.159329
499 -2374306973.620413 -3199544767.882166
500 -1873304999.262235 -3162970808.836598
501 -2119378327.770993 -3315746163.429397
502 -2313720333.250665 -4399898714.120037
503 -2599586768.026701 -3972620360.677736
504 -2917966116.873755 -5049078671.65123
505 -2735243350.503609 -5327111759.649818
506 -2392897202.492575 -3512586790.172894
507 -3056202286.171082 -5912948017.45472
508 -1646795490.481576 -1019548472.456611
509 -2007146293.252328 -1834225293.159563
510 -2689601340.829746 -3937435677.785169
511 -2443216233.049769 -2586813172.771378
512 -2445490282.431896 -4263767947.712838
513 -2309753286.04103 -2381625185.040748
514 -3034247725.811101 -4947299625.554449
515 -3070280392.611611 -4395405109.962296
516 -2673719162.994949 -3546068132.469224
517 -2468390411.855676 -3565085339.283989
518 -1519399670.125083 -432759636.8697496
519 -2362625454.094352 -4482314824.783314
520 -2073482900.562223 -2045508392.879804
521 -2937908562.786281 -4812488656.237966
522 -2679204576.284155 -3398472467.313308
523 -1996436787.969505 -2609450413.780026
524 -3038476565.83949 -6066481942.223647
525 -2520512223.711677 -3224783079.51373
526 -2367355984.939174 -5077630363.680642
527 -2773135346.848167 -4370457095.790061
528 -1799031088.729237 -3175103202.302458
529 -3193039559.192693 -5893447854.779603
530 -2403296550.205003 -3180764466.512194
531 -1756245422.9542 -5626983560.20578
532 -2243967419.493111 -2601494963.969871
533 -2078878197.955031 -3623667002.61889
534 -3156786102.355792 -5914945708.184843
535 -2909539483.677533 -6373821892.85814
536 -3031878681.61991 -6300604454.412443
537 -1701180913.109257 -1144595568.826634
538 -1474339577.445459 -4865592169.301981
539 -2952345451.963761 -4061089241.372551
540 -1722045468.38303 -3582220200.382275
541 -5785333709.463338 -9939055877.124107
542 -2680787544.990541 439493962.8055554
543 -2031798201.567381 -8147593040.32727
544 -4352988236.502226 -10256188206.40402
545 -4657552439.865251 -11600857748.65558
546 -4541501060.582405 -8478245913.16434
547 -3754181486.620207 -6825400144.508375
548 -2738993878.350432 -5216341516.946198
549 -2820231186.308239 -1992650589.47504
550 -3078551377.187724 -6683823333.948569
551 -4098852988.905456 -6687501544.475289
552 -3184178038.990678 -4791124091.491082
553 -4868836187.701272 -9636798510.549097
554 -3728143682.686152 -7181420751.701983
555 -4945050306.513315 -8435296268.088362
556 -4329682660.382363 -10049418532.10156
557 -4531779477.253877 -8560591287.816161
558 -5359905288.921527 -12922823185.71815
559 -1853444145.360415 -8028611923.939482
560 -628486169.2892923 -4570308161.863358
561 -692113547.2742245 -3678472359.575239
562 -2153989602.019084 -5130097266.7139
563 -2440623671.062706 -7031285381.314001
564 -2399311356.142254 -7773187549.372141
565 -3258553695.118059 -11650138720.52164
566 -4519758699.551355 -11027892778.30878
567 -4559088795.481034 -10775419408.83226
568 -5106328170.759384 -10690346393.89572
569 -5431402474.594306 -9746075123.461124
570 -4754336668.864987 -9664491523.65089
571 -5269838017.371321 -7460317160.63322
572 -4547838681.775788 -7645566182.108865
573 -4619398034.637627 -6597031880.482465
574 -4607068472.038546 -6528578091.779494
575 -5167929866.217629 -8077967341.520953
576 -5639950938.916751 -9325110517.448029
577 -5422345737.200672 -8181362850.909725
578 -6193663810.919379 -9932732857.036617
579 -5766944515.581624 -11338191572.60152
580 -5899098562.334403 -11886413781.37375
581 -6089010896.146014 -12421105501.25351
582 -5605937600.974374 -11713641505.55353
583 -6008208728.655725 -13647492809.66079
584 -5704731387.821703 -11483157763.42669
585 -5410558205.874084 -13116346709.19412
586 -5731440758.303253 -11936980820.48838
587 -4477604458.305382 -10765482359.00037
588 -4515087452.363138 -11636504954.66375
589 -4527207619.303543 -10808615490.6388
590 -4585711605.2118 -10858618489.78666
591 -4699023326.179988 -11573056711.51927
592 -4285403676.200262 -10989414448.47871
593 -4343007519.644215 -11133819705.93635
594 -4293640266.319835 -11126939654.08346
595 -3870890038.215419 -10969632032.35756
596 -3999859865.979598 -10345419719.77886
597 -3412820744.449565 -9833118949.347479
598 -3457235726.667436 -9814983035.919426
599 -3232666498.710399 -9237603570.392761
600 -2587086907.289659 -8523908694.878169
601 -2732844881.500062 -8143691541.483656
602 -2654640239.352544 -8444641150.192305
603 -2472630707.206079 -8162701866.411244
604 -2481267461.451445 -7854919183.610171
605 -2127353211.598827 -7888504780.230412
606 -2223022520.407441 -7922503771.168326
607 -1956367460.551685 -7514457374.531267
608 -1615737570.8178 -7150487334.862487
609 -1368025349.978277 -6252944758.377328
610 -999201529.4444391 -5932466805.15142
611 -854923733.7391473 -5613988659.636179
612 -528665722.1433602 -4955945772.657081
613 -169609759.6413083 -4403842783.072543
614 -103934825.4718798 -4138218957.752033
615 92623768.68765031 -4035699516.076589
616 301475092.0008682 -3521070788.303003
617 451504125.0692168 -3093211723.068594
618 553258175.6559074 -2988727408.847641
619 673718464.3764082 -2390217558.05452
620 959059894.09585 -1541157219.398802
621 1074706680.071738 -1086545323.767903
622 1298360227.486388 -345064416.9507535
623 1416491755.746427 33022166.90553778
624 1466682277.35552 243484741.623572
625 1564417391.716486 544632978.5648361
626 1593735602.396173 799415071.1621996
627 1546333406.7846 805680983.7113646
628 1527363055.495319 863026699.7007347
629 1479495832.153686 849746867.4759802
630 1427116611.126843 798828402.3952146
631 1381286190.575552 736164595.6621599
632 1295956578.599787 572900408.2896503
633 1209726724.088266 420868272.3362449
634 1156331661.29305 298911473.413251
635 999454010.2320452 -111196297.2441191
636 905553466.4347324 -349375083.827305
637 809931833.5842648 -605579053.3985659
638 748963553.4151473 -713845849.3725008
639 709878101.3558974 -746571410.7425482
640 691730040.5273657 -710697864.0820872
641 687220696.3050579 -609497449.6508594
642 669577190.2586277 -572072759.488942
643 655345245.9561224 -535643525.1579283
644 596218587.9642394 -698005603.116406
645 493040426.6094694 -939938764.7154484
646 440893092.4379073 -1041131602.419038
647 395959471.1665483 -1141302409.407793
648 397895467.312225 -1068527024.062967
649 382463602.7150844 -1028078048.200205
650 398270550.1660872 -899894893.0672741
651 436452776.7204081 -681465852.2927722
652 451298707.515572 -490705456.2149343
653 466666845.6419879 -379551172.0808671
654 459651527.5970447 -320744750.0964589
655 399648611.1865185 -474263279.3169156
656 344112004.8318257 -644039094.1247612
657 266121034.4400088 -877783393.1075124
658 160325161.5948141 -1134950385.733679
659 34460145.8306685 -1481713982.666925
660 -86309079.55576944 -1790065597.885878
661 -122349428.2951517 -1777967415.24379
662 -116311533.8803265 -1683335427.832004
663 -130752422.1508693 -1577099639.892713
664 -152533660.1210248 -1604123941.255854
665 -188928519.7412885 -1676032167.128724
666 -237907796.4956304 -1784589510.892338
667 -341307253.8826023 -1998730934.17412
668 -446882954.7647579 -2237029997.187883
669 -519555877.0379118 -2380409903.458105
670 -539681985.6919702 -2389718877.708832
671 -537147555.391027 -2316457441.364889
672 -600992087.6019328 -2448702783.416287
673 -763769463.2097771 -2832425584.008185
674 -934967044.5589045 -3341165428.330511
675 -953085411.6017287 -3371110508.099477
676 -880775989.4786046 -3105829186.266683
677 -812088077.874609 -2790139939.286756
678 -716451165.1637143 -2377958087.352902
679 -628447081.3050325 -2044214995.631632
680 -577681015.5542394 -1856401945.111658
681 -528747273.1572951 -1695763148.819305
682 -485669974.6688814 -1570425392.489108
683 -494311150.6302758 -1579887674.655398
684 -513542055.5905626 -1634842977.01119
685 -585704953.6239669 -1936683213.041315
686 -651980905.9657286 -2169433559.188064
687 -736317267.3268318 -2401986890.597917
688 -901248901.7523088 -2961523434.43247
689 -1089321777.892266 -3562914459.707863
690 -1156931196.568493 -3859116552.105474
691 -1236990174.583186 -4101398082.908703
692 -1191300351.152682 -4003428058.134456
693 -1138827938.889874 -3890543979.862976
694 -1039968923.300056 -3568049888.014619
695 -998360257.4133149 -3501724686.028011
696 -1013022170.152493 -3571261269.965436
697 -1052050709.788489 -3789916708.708307
698 -1125287622.277458 -4041369157.374045
699 -1226096785.486079 -4386006616.540907
700 -1291962092.716455 -4600515854.131226
701 -1350174786.832111 -4768816729.915592
702 -1383769389.957612 -4862978865.277485
703 -1367715870.558282 -4807406073.541613
704 -1387588623.012548 -4821415585.442079
705 -1384123603.96382 -4790854031.608927
706 -1344949022.73 -4670106454.502301
707 -1333574713.014553 -4620704789.201632
708 -1302826875.100595 -4523804335.285758
709 -1295692404.419015 -4442499717.678791
710 -1329291964.424692 -4511154401.047104
711 -1433204951.743906 -4796853239.990511
712 -1445920412.280738 -4885561480.440248
713 -1509705289.062199 -5088922926.217469
714 -1466654534.540126 -4957925573.70668
715 -1414234824.623126 -4827139936.152219
716 -1382213824.991359 -4776327492.133302
717 -1305420033.667262 -4596258726.875358
718 -1194444341.911921 -4374401741.435113
719 -1125709479.11343 -4244311016.309225
720 -1032817689.368256 -4031736759.144068
721 -909584837.2749189 -3781554412.981121
722 -793024600.4366773 -3536669057.741381
723 -682338274.804791 -3311177057.663122
724 -572178326.6090115 -3068935006.066372
725 -421183871.2375576 -2740033492.910129
726 -215795662.0067523 -2168437073.158641
727 -86926974.83896635 -1852805267.712933
728 2631189.756399338 -1649282150.194579
729 110685538.8105924 -1384734254.249719
730 209251216.7785394 -1160777067.200669
731 296630160.5822967 -932181071.6583828
732 327236859.945508 -900082613.2423718
733 374635737.971839 -854093404.5067358
734 470949109.4604049 -636144528.8963331
735 635785102.3126585 -210121672.8842537
736 814378812.0157452 243145039.9498334
737 945823745.0357606 588872230.6894584
738 1020083767.328235 765937395.6907071
739 1139987554.579139 1073528879.122745
740 1216956204.12606 1298747160.020591
741 1344303769.090601 1609335578.861171
742 1433923123.656946 1843795997.291815
743 1551748638.470167 2201722603.084695
744 1690562194.71681 2611791183.33737
745 1783611021.908446 2940641266.008993
746 1867966750.318621 3200696436.63654
747 1980701619.283996 3564990746.679413
748 2041390097.154986 3808903033.131872
749 2144609210.4327 4178628183.999413
750 2262738556.155773 4612431366.584845
751 2378616228.55258 5002529341.485727
752 2478209105.880111 5360011350.388703
753 2527531781.867969 5641659665.495579
754 2564891064.584466 5832440802.737505
755 2562440049.465557 5925730325.521588
756 2543368032.338726 5942257424.871064
757 2535658838.836131 6015496397.952137
758 2530672342.964138 6090285037.065412
759 2521776471.501775 6174221564.761611
760 2533981096.165035 6333905808.039249
761 2552974777.351176 6486188018.919788
762 2586822897.877528 6705488284.439848
763 2622711177.20171 6937581976.212774
764 2674466501.517307 7226092578.540699
765 2717811557.020764 7559962562.403557
766 2741161172.134419 7809566654.436011
767 2744428804.856977 7943992285.454462
768 2751564217.522824 8192669077.153373
769 2770032403.962337 8373281063.247206
770 2745256992.982169 8465888764.908686
771 2746339608.305685 8608758680.378521
772 2744079733.196807 8716279156.943678
773 2739849099.152999 8778350974.65653
774 2747838771.678164 9053551219.233545
775 2760306984.433917 9191888140.172525
776 2791310607.696169 9502131873.864189
777 2799410481.369721 9679659954.010321
778 2794380823.787653 9847763130.027473
779 2789187908.277069 10025956034.49727
780 2776407559.885087 10134704742.96983
781 2767931288.7338 10273730742.56813
782 2771190633.346022 10509241628.28323
783 2776692498.003231 10686815546.93194
784 2772162921.107182 10907490917.74797
785 2779635228.340844 11158554263.67064
786 2789489553.761764 11407542566.90202
787 2790110538.442065 11651416125.11368
788 2784594754.390021 11880460444.80911
789 2777639252.485387 12104509535.39661
790 2762971942.556219 12315258256.47078
791 2732867467.033821 12521498336.11658
792 2735956797.243666 12789857789.61377
793 2712365015.232415 13024506418.55441
794 2663351319.171763 13125439727.91866
795 2622383349.45791 13329743271.05645
796 2587463049.729853 13495817103.04272
797 2568946312.421959 13671667455.89432
798 2533576598.004677 13846987073.38472
799 2493177643.491191 14052239247.25713
800 2476160306.240252 14265116187.8855
801 2453793716.790606 14515631906.52334
802 2431509251.151797 14785982635.99663
803 2415898105.651841 15090751781.57068
804 2396589893.621217 15329780100.61396
805 2377709051.643456 15581721009.00825
806 2359961796.915169 15891529572.52437
807 2334712088.006413 16083108583.89443
808 2304616670.321646 16384640054.66117
809 2253518383.214025 16619316448.98268
810 2202805975.480712 16845406629.00554
811 2135186605.375605 17063285181.87136
812 2123093318.708199 17119457580.92312
813 2060075933.616618 17475611912.45642
814 1986945956.695985 17674063034.08353
815 1913760431.30104 17953236148.8538
816 1858756320.706509 18108654255.19468
817 1785951143.390356 18362556835.4389
818 1748741212.36387 18555838660.4149
819 1668425082.495346 18700279913.01786
820 1593138994.661605 18816060745.61211
821 1485067107.3968 18963395441.84297
822 1391408673.659528 19045938724.66842
823 1298518827.189863 19186552596.19372
824 1191591843.338205 19323774010.02302
825 1085486991.455555 19395401124.63721
826 1011898874.574052 19396065540.12915
827 865714427.6700894 19449670856.89474
828 768761038.7267501 19481427539.59546
829 686498343.5013646 19542819860.20744
830 598082866.3321092 19644559886.27852
831 435774686.716652 19509561839.13689
832 335457017.6319283 19446355994.56066
833 229802713.5666189 19364870764.54934
834 173259510.427818 19405452480.16055
835 87476814.0748792 19460285111.7173
836 13002342.84222504 19465756555.7543
837 -46053237.27782681 19440252736.65989
838 -95288509.01009817 19395888052.97351
839 -196215208.2290634 19341679123.47689
840 -272973345.1172802 19256753330.3825
841 -356578102.9890623 19216706040.05234
842 -448189949.7211428 19086280009.84234
843 -546868041.1292896 18904312334.4231
844 -606458402.0405461 18726444750.79253
845 -688886826.1527148 18604235120.91614
846 -710244577.8644688 18590769040.38507
847 -705660773.263091 18552458071.11338
848 -690931726.3400866 18489260885.643
849 -684099496.6729139 18369316500.08437
850 -686966114.7719272 18257697217.98092
851 -661165823.2456481 18200506350.19917
852 -614157900.7231362 18072634693.13948
853 -577235747.2602063 17994298507.13493
854 -535398605.3258654 17973413219.62105
855 -520915609.7870656 17938549600.7741
856 -494091433.9779162 17850014646.32816
857 -442168210.1949443 17814015793.55384
858 -401022145.4421974 17830051007.7777
859 -274724416.5744843 17925209006.52034
860 -100529981.801048 17934614417.65054
861 -122591939.7184115 17830453470.11356
862 -42003494.37397022 17489974519.94067
863 14526882.59109653 17099575219.6573
864 113527190.2521302 17124479479.50961
865 563065937.6169156 17636547240.41355
866 599567534.8877468 17633317654.50929
867 734990896.0369151 17527514700.4253
868 827120042.8247755 17622565384.34205
869 1009453883.929386 17773289104.74668
870 1244482520.973097 18031877092.99634
871 1413549636.410202 18226614122.7971
872 1612194498.578339 18523975998.78366
873 1992276879.688508 19089420702.35247
874 1745551709.30351 18192217206.00421
875 1821688078.751382 18191825380.08266
876 1631503434.867892 17370524308.92161
877 1954012831.767916 18099084478.14333
878 1982111918.157961 17790078361.02192
879 2005038778.132315 17823077510.69349
880 1980140246.793902 17434022569.7083
881 1915169802.653247 17094645123.38907
882 1840940393.234303 16647119780.38878
883 1814446506.695996 16427778989.75213
884 1816433615.527272 15986736466.68482
885 1784419064.996148 15733367751.71996
886 1775507150.526111 15469320017.84947
887 1856856125.383801 15337832124.74846
888 1803296986.031214 14935207006.15039
889 1841495747.741211 14725363791.38139
890 1830587575.0062 14452197165.81489
891 1952780686.221202 14507993616.695
892 1928527308.741507 14175287890.24448
893 1907052409.511395 13933824262.31888
894 2066446238.23797 14166071584.62863
895 1986683669.76646 13914953095.13425
896 2014637458.833862 13743250253.71499
897 2047547937.672331 13718089425.39565
898 2110385747.139195 13835676512.80817
899 2110436739.247515 13726330073.87852
900 2048701940.263501 13571932074.9213
901 2023903759.362912 13411952125.77952
902 1903443578.048618 13098542146.21829
903 1829670583.201518 12928082921.027
904 1612579362.524894 12450207337.77043
905 1496700368.698387 11999920497.49385
906 1315132661.055188 11581730249.07042
907 1188233915.833222 11154215180.83523
908 1009780976.332991 10885687226.99402
909 742951169.9304843 10115539799.18593
910 590616860.0340828 9635969266.286774
911 338601516.7022879 8946107566.171076
912 161526833.8578533 8372118516.675071
913 -94455727.66948041 7596302210.507191
914 -353130813.2424402 6869720983.504697
915 -524617567.5320375 6409012875.333542
916 -877633760.3938136 5539096321.035226
917 -905011800.3481346 5220833830.498065
918 -893708508.9552168 5102637041.499993
919 -915256484.6491781 4826757531.540262
920 -990232743.099658 4562180113.448243
921 -1074605040.386012 4435768722.935951
922 -1048246385.207139 4489388803.91505
923 -1004495429.233721 4640395277.023594
924 -895102930.7914661 4768283370.552128
925 -843663006.853701 5047060470.333352
926 -844521624.2979548 4924640278.840763
927 -829083908.3249774 4882193075.725414
928 -896335814.6628836 4565632829.369752
929 -989328558.5385725 4276478388.949357
930 -959638840.7578511 4119057991.564708
931 -1071489352.857681 3894205114.822601
932 -1158955874.30167 3613305940.783726
933 -1197144414.046588 3515756158.163733
934 -1174940687.62276 3649387794.901569
935 -1196563212.761522 3704545545.218471
936 -1245302053.375488 3750461949.93435
937 -1320286348.893264 3753746516.984163
938 -1386439023.749772 3754476122.466136
939 -1410798319.491707 3774665500.326407
940 -1551281365.55065 3579070785.296662
941 -1656635527.044342 3360788841.585527
942 -1750929981.180805 3209322210.214831
943 -1759180847.724373 3124558950.44695
944 -1762314176.248093 3127550007.583912
945 -1770998934.010758 3050904538.603878
946 -1780742349.010921 2942750927.244991
947 -1791606945.948046 2836294320.566433
948 -1806354500.731605 2751001944.780602
949 -1790422742.352785 2702130807.289646
950 -1801159095.360759 2689214709.812033
951 -1758728563.201941 2746888315.935559
952 -1766216226.965904 2696619731.028016
953 -1751990244.112627 2658394882.759731
954 -1740614752.710937 2659066620.298026
955 -1679767348.136243 2730687733.821846
956 -1671414972.31294 2681589459.415475
957 -1670609608.337033 2501525744.250352
958 -1660720759.458859 2390889852.98081
959 -1664010581.938762 2098773053.195579
960 -1636483182.490034 1909065402.346043
961 -1658103563.638998 1613560532.115415
962 -1723372626.930462 1205462441.086588
963 -1850275092.266749 649830039.8554441
964 -2366497346.733661 -968174978.1584556
965 -2278904528.165154 -735992342.1053811
966 -2189862022.688635 -361729648.9632477
967 -2191893845.37833 -120926602.2617805
968 -2188844701.823135 213579559.4643486
969 -2202249372.551307 392395978.1017981
970 -2224193365.835384 453220205.4332929
971 -2287006046.817624 516550568.7819085
972 -2323126958.538626 551745868.6679404
973 -2348220825.470747 600540882.5343717
974 -2433938547.779248 376687346.2853966
975 -2463381430.831903 246691016.673465
976 -2535543835.860933 -68923282.52424048
977 -2606266319.658325 -404163289.8701202
978 -2594349891.564991 -620027849.4191197
979 -2546734357.173745 -735769269.1550535
980 -2572609090.236452 -964704581.8174694
981 -2512029752.278451 -1138929185.206398
982 -2474927123.879907 -1345615683.9997
983 -2457789607.656066 -1720732553.517608
984 -2485330622.276995 -2043390088.5467
985 -2515721833.638884 -2495160510.946454
986 -2482247268.569452 -2724015748.646654
987 -2459817125.046522 -3011920524.748567
988 -2409550345.994537 -3143014436.912786
989 -2378935978.918089 -3333254437.580002
990 -2307585329.780722 -3378064996.976468
991 -2236420790.623135 -3504913389.843309
992 -2194677762.307195 -3564288112.475464
993 -2098090218.928274 -3650626069.286478
994 -2036260393.620457 -3659116454.14813
995 -1960748824.960565 -3698264419.658837
996 -1847883771.794233 -3625463002.870857
997 -1778718240.968366 -3677649058.44079
998 -1690261460.513712 -3545891567.475645
999 -1620196067.00973 -3548661758.493546
1000 -1481534722.432 -3328197295.519665
1001 -1344001725.277882 -3002843544.702906
1002 -1249440086.087837 -2936392074.207417
1003 -1209397583.367395 -2834572928.956117
1004 -1134117828.457443 -2872350611.368349
1005 -999398858.5245935 -2518268669.736666
1006 -958688120.3262658 -2555843659.062434
1007 -928913729.7998191 -2330504473.602153
1008 -877342578.2175312 -2325666835.81589
1009 -837262534.0381688 -2347543924.576724
1010 -774946091.5447987 -2192654764.47354
1011 -712203057.9694386 -2062612059.850272
1012 -622854311.6103696 -1914249578.30054
1013 -621227178.7638787 -1954924347.102288
1014 -572601106.317926 -1864462400.296878
1015 -542391766.0757992 -1860927871.21082
1016 -500320957.3819305 -1796271175.216856
1017 -478383703.0064821 -1760012515.319175
1018 -447921905.6474969 -1652564030.837304
1019 -445520006.3312697 -1638560659.103065
1020 -435164181.4627689 -1588264342.709833
1021 -428256338.5119735 -1561914636.55925
1022 -411534026.4940055 -1481443897.262809
1023 -404461595.4366199 -1433382000.86483
1024 -410106742.7126222 -1338838982.292827
1025 -396198506.6346961 -1254969808.499892
1026 -397629836.2631307 -1130160453.535735
1027 -375381606.3759603 -1001121149.574248
1028 -386277005.539636 -903255491.3513337
1029 -394500612.175797 -850344136.9435146
1030 -422402048.8438433 -794310243.7422526
1031 -449201410.0600022 -777655841.0386498
1032 -509182418.2389057 -819247659.0042582
1033 -567791824.6984578 -892436299.5027027
1034 -625869499.7834837 -956564414.3935753
1035 -694117819.5543122 -1015364890.267217
1036 -759885953.5315521 -1110669096.345134
1037 -838078697.6805912 -1206195669.788099
1038 -915949282.7378621 -1328545890.69566
1039 -1010984786.558235 -1499542242.18359
1040 -1066806818.968675 -1578669802.016018
1041 -1152908387.696344 -1702235483.355958
1042 -1198468222.828532 -1805822444.001606
1043 -1405047152.033103 -2258419004.572487
1044 -1374290840.333741 -2204681677.915958
1045 -1435071455.858039 -2333642467.751784
1046 -1463327365.281183 -2439422691.499243
1047 -1551876652.38535 -2656574815.400455
1048 -1604052890.322568 -2833545011.292946
1049 -1660960137.653851 -3030243231.896322
1050 -1842833575.16334 -3574161895.212408
1051 -1780093414.833615 -3533804869.394003
1052 -1789137786.331182 -3566097351.09341
1053 -1833787007.970233 -3763595172.524726
1054 -1845114786.246972 -3876718227.072989
1055 -1872844187.113425 -4048822988.44883
1056 -1897881007.609478 -4266934843.968812
1057 -1904868066.307839 -4392985518.810581
1058 -1894037411.118473 -4467741053.544666
1059 -1883868641.075354 -4557134407.736798
1060 -1905065040.438231 -4720101715.515358
1061 -1913510858.569046 -4859271412.691769
1062 -1917796209.927837 -5025674120.583625
1063 -1970845551.681421 -5357652293.188413
1064 -1950042186.384159 -5393529605.185041
1065 -1936920759.718981 -5483595411.327153
1066 -1832048380.54464 -5442164130.06971
1067 -1851778539.490016 -5468698802.872534
1068 -1836477013.883336 -5583027519.13886
1069 -1864890042.178714 -5685971649.032366
1070 -1816459522.68856 -5650091660.662998
1071 -1797085277.496437 -5661278082.150089
1072 -1802603512.779706 -5757499337.718804
1073 -1751564967.08383 -5605521759.925648
1074 -1706467287.713077 -5509038999.967161
1075 -1711550818.225196 -5465821829.315283
1076 -1744268173.376269 -5562803485.5565
1077 -1781080687.034352 -5644328709.987398
1078 -1794744232.784578 -5685508433.144958
1079 -1815612309.615967 -5731231157.032878
1080 -1834145676.092818 -5736130594.829626
1081 -1823846473.420057 -5668262249.665765
1082 -1825546470.600146 -5597649178.494818
1083 -1825650935.821306 -5481020104.264154
1084 -1834468709.877977 -5435488526.116942
1085 -1858242731.996393 -5416799849.470526
1086 -1881752371.555857 -5403013718.295484
1087 -1919276552.889361 -5398749474.26419
1088 -2018633282.435471 -5536814105.95921
1089 -2027487851.94693 -5515197538.372359
1090 -2067149947.598895 -5548306807.669621
1091 -2113467524.410517 -5582990333.468241
1092 -2164707218.337544 -5641655069.710279
1093 -2193019230.589803 -5652057935.665854
1094 -2230995303.063532 -5655771895.553332
1095 -2283234670.039881 -5682201755.60782
1096 -2329223655.306495 -5691671175.698506
1097 -2330582477.668929 -5625181316.690612
1098 -2364251973.488229 -5587913017.941957
1099 -2418864652.807592 -5524534168.303872
1100 -2435819505.531329 -5483921021.602114
1101 -2411207202.0862 -5172763845.195426
1102 -2461889885.375693 -5420157403.294222
1103 -2470283804.478845 -5424330729.20234
1104 -2504823494.547251 -5304709148.768256
1105 -2597473570.458498 -5053999657.760536
1106 -2626028839.317866 -5040125979.608077
1107 -2659087899.910237 -4989303583.869856
1108 -2641156013.718965 -4907418516.658945
1109 -2662739526.792151 -4761695607.592615
1110 -2647886824.529619 -4643565025.857628
1111 -2644944041.810136 -4540721019.813207
1112 -2634296017.310006 -4425245095.541426
1113 -2617699378.502079 -4322360066.129171
1114 -2622914598.18338 -4259771201.28601
1115 -2619223314.885758 -4228534936.434021
1116 -2620635867.302024 -4195876884.138846
1117 -2605871160.778509 -4125376366.126486
1118 -2615209053.646122 -4140447830.676278
1119 -2648992462.078837 -4203230005.252135
1120 -2633027798.093782 -4150150428.444443
1121 -2617479847.785055 -4134680690.587453
1122 -2606162639.678916 -4110699288.698912
1123 -2527758140.401479 -3984770202.713988
1124 -2470528783.076062 -3846934088.411768
1125 -2427065647.226332 -3708694819.027256
1126 -2397569372.51828 -3663572585.751574
1127 -2369687004.887948 -3619492744.960547
1128 -2346353257.614948 -3625239893.490471
1129 -2334330179.562644 -3668697773.242592
1130 -2333740282.394828 -3740143178.070487
1131 -2337242312.418767 -3824513663.403389
1132 -2357069442.178303 -3893127280.019395
1133 -2399103205.629153 -4071445835.100735
1134 -2405639033.321654 -4176035437.925247
1135 -2402153828.32429 -4120850260.048657
1136 -2320116160.559542 -4135045006.062645
1137 -2312767090.423608 -4091064157.28376
1138 -2308443983.617991 -4078369744.113707
1139 -2266376138.6721 -4056936907.358389
1140 -2267815720.176639 -4165091136.325661
1141 -2284570121.254648 -4221732007.836091
1142 -2244172299.886802 -4517119450.769407
1143 -2238611918.746894 -4624199687.892287
1144 -2227570275.699512 -4701630534.938894
1145 -2163282087.821444 -4612987764.123625
1146 -2134149132.378529 -4576160254.346877
1147 -2122536287.236586 -4577634517.464015
1148 -2134721310.321953 -4687180096.145898
1149 -2148770470.620794 -4652109432.881826
1150 -2141145000.401169 -4628317282.335504
1151 -2120733146.805619 -4559848984.793439
1152 -2106161264.556736 -4459742739.873609
1153 -2070022794.46997 -4320672550.231853
1154 -2053756218.493354 -4205333010.031142
1155 -2019738255.801869 -4100601289.528889
1156 -2019521823.217809 -4024006041.665498
1157 -1975325145.518631 -3876391668.844986
1158 -1957990501.957706 -3780958676.755559
1159 -1961414742.38399 -3756387688.719426
1160 -1967133799.5043 -3815145997.641959
1161 -2086416925.383419 -4051102929.385264
1162 -2129817343.574584 -4208195059.999056
1163 -2182241157.720129 -4353065970.444958
1164 -2196575392.562154 -4408211361.185534
1165 -2199906155.331406 -4449149876.295033
1166 -2175618012.988734 -4375227933.3564
1167 -2143066448.430899 -4271398025.824918
1168 -2137322906.441945 -4237927268.161304
1169 -2089748561.482132 -4140187650.7662
1170 -2045118031.365857 -3976005389.715197
1171 -2025250549.445614 -3913791870.127382
1172 -1982975516.768549 -3768620235.847116
1173 -2006573655.412656 -3781195408.987314
1174 -2019132223.244288 -3775286056.026679
1175 -2055152848.587862 -3885069610.53974
1176 -2034193007.200966 -3834227676.042582
1177 -2002361766.127834 -3780630006.28501
1178 -1957093752.609448 -3688911473.544733
1179 -1891000379.234847 -3554533877.57493
1180 -1823802958.621255 -3424347813.784298
1181 -1770561582.403963 -3364163841.643181
1182 -1682343951.728335 -3240372883.649026
1183 -1659573733.41926 -3282955788.27044
1184 -1641732396.973921 -3362517814.266864
1185 -1642856009.558985 -3528370075.451027
1186 -1594852073.872719 -3572845623.327395
1187 -1567868280.495418 -3592452072.112168
1188 -1503935889.003184 -3548199537.840885
1189 -1423867386.491471 -3416632192.731247
1190 -1377382230.67311 -3319947510.644556
1191 -1326282865.31019 -3237490043.897319
1192 -1247230697.156533 -3059813627.89121
1193 -1166643199.055674 -2834055928.209635
1194 -1118058810.549071 -2697014376.281719
1195 -1049078235.224836 -2554268809.166284
1196 -1011379849.236235 -2444000479.545205
1197 -945092869.6937981 -2303326194.648258
1198 -952199536.6847391 -2350794340.260011
1199 -910128020.9097694 -2307969992.158573
1200 -890365772.8899966 -2307348299.848836
1201 -879272944.8419625 -2294273324.579316
1202 -855456770.7982272 -2296429811.63277
1203 -840773194.01954 -2259386383.660666
1204 -788699196.4344269 -2168733476.93476
1205 -707940690.6972355 -2011246499.110811
1206 -652679680.0692499 -1894374863.035296
1207 -611856267.3672863 -1835952498.891391
1208 -593743925.9648527 -1859141988.612265
1209 -569001969.6335444 -1874153379.350087
1210 -554201235.8448451 -1948940034.250043
1211 -544707765.813839 -2017019995.749831
1212 -484502939.8463166 -1989815831.924115
1213 -435411882.4267612 -1925213021.710742
1214 -342954820.2218676 -1755752026.800307
1215 -179032685.9378809 -1376226830.725379
1216 -62168262.35646663 -1120052473.40956
1217 -3339892.148528406 -946997403.0308946
1218 163908086.5337617 -555470034.540364
1219 249407946.7012079 -316478498.347733
1220 352398097.226396 1652724.304052951
1221 411313355.9667457 182781254.4015709
1222 446452216.4825538 280335647.9217386
1223 469173736.8198875 368344268.2902504
1224 498748561.339497 460045129.1999471
1225 491015015.6841865 477334240.148439
1226 462678793.7562923 399953640.6692024
1227 466731720.8657584 396838491.0581798
1228 514562510.7709542 557675839.6219172
1229 564378141.6962372 708671498.2940276
1230 638373294.9770271 978762158.75307
1231 723334728.5518554 1259771135.63354
1232 749216729.8558985 1377930418.508642
1233 772021926.54046 1481897331.191084
1234 804618666.4134506 1618116970.292384
1235 819470563.67538 1705175197.804287
1236 833871131.8271384 1790534040.191508
1237 882753837.7622007 1944719293.48021
1238 883637775.7252614 1996338517.108516
1239 883133417.1751478 2005278900.936532
1240 912968601.4137424 2177481560.905886
1241 960619489.6934655 2395120080.707579
1242 989339668.1792625 2521777932.255676
1243 1023510180.482642 2675597293.156273
1244 1074607108.302298 2891342160.607298
1245 1092919572.737472 3015460880.180874
1246 1108290456.036004 3098600898.283742
1247 1121840074.889358 3185020806.046144
1248 1122748188.349479 3269394947.663451
1249 1126934442.200002 3359074358.650352
1250 1133784481.416979 3485602435.599989
1251 1134564286.667247 3543185355.933088
1252 1176607715.201621 3851891007.330288
1253 1179360647.640072 3941829409.842884
1254 1180714774.310285 4034887446.532666
1255 1173834121.059306 4126653464.927087
1256 1142734185.661367 4118757697.359091
1257 1088115998.690764 4085534064.427616
1258 1053949144.551169 4046490906.239102
1259 1037630109.079474 4070007198.176016
1260 955170592.4684004 3980794429.016871
1261 952404263.9006836 3976993114.890098
1262 946719837.9582537 3989574200.877741
1263 895625389.5275695 4070494520.590005
1264 882811597.6387733 4130752791.052084
1265 868698311.6536845 4154499081.841586
1266 824061474.2509106 4161499334.235714
1267 753755989.9036933 4040516164.619176
1268 696804608.9073199 3927267632.026215
1269 667577599.3291616 3869816155.235409
1270 618829477.4765135 3785977830.683532
1271 573986812.6076232 3728571438.002109
1272 525171098.3971699 3613181244.689317
1273 495529361.5462719 3552506662.45892
1274 478014668.8639484 3544466328.391084
1275 466295304.7398125 3556174200.152996
1276 458081012.1487303 3570280286.122718
1277 447737459.304377 3576873718.964118
1278 459713752.4707658 3645817071.378095
1279 488924493.8402394 3780733544.718263
1280 537632885.7493861 3977010721.546793
1281 559075090.5329741 4100417193.693959
1282 577831784.2551569 4213584109.448501
1283 582800374.2794456 4274609678.163257
1284 590916091.0389515 4341426758.051692
1285 569391406.3589396 4380621909.093698
1286 553201135.2309489 4351405006.58945
1287 541005063.2096834 4375902069.670591
1288 540943406.0272096 4420826358.678707
1289 546390096.5842818 4481564821.462367
1290 538787435.1132901 4529953514.840937
1291 522524404.9323276 4524733507.322886
1292 488080745.5441225 4481481469.427864
1293 453011037.0129796 4420611080.057489
1294 420556957.8734424 4362403604.93712
1295 391054853.6522992 4298125497.173138
1296 378968643.6032295 4292370569.215821
1297 390594629.6479824 4355654616.975454
1298 386379780.0477689 4376629377.448577
1299 387126330.0708665 4403931636.826669
1300 375189598.3161831 4398007006.876075
1301 333795996.107369 4299650315.512501
1302 316029852.0623045 4246414160.597649
1303 316596939.568406 4267720701.865072
1304 315222741.2354815 4283989836.9806
1305 332346945.9654324 4364681032.434703
1306 312170820.4286023 4361753906.901108
1307 319059585.4318025 4384542534.719762
1308 302401319.0179211 4373599416.232305
1309 254520568.8044385 4275585261.93476
1310 229349434.2547016 4229056816.602139
1311 157737018.1530949 4062573309.073059
1312 156651314.5056222 4037865611.886572
1313 156602720.2733045 4055666388.638107
1314 153933619.4483342 4082455916.941496
1315 162226059.9561561 4082706283.199654
1316 186798878.2566172 4214985080.806906
1317 195365646.3765532 4295434063.816113
1318 203115057.574364 4316223418.020552
1319 197106554.7112841 4333881741.657142
1320 183711865.862444 4317003853.495694
1321 170659338.3033425 4284170608.447258
1322 132688003.860957 4197779647.66798
1323 87338130.98983949 4084916865.788475
1324 48475318.12236073 3996662147.491592
1325 9332728.282819085 3870679351.606473
1326 -133205.1986712631 3823664746.158513
1327 -420177.0535521235 3816666374.212454
1328 49240847.41530722 3949386723.514577
1329 98185356.35034859 4122344949.008022
1330 135603093.8900976 4232523887.590504
1331 122880627.6947667 4208091497.488049
1332 121646902.4908527 4207025269.573097
1333 -13852765.38241368 3883537261.813674
1334 -122914729.4736724 3616930378.517533
1335 -228067184.9010039 3320956585.607801
1336 -118701037.6065394 3364765787.63388
1337 -52123133.74448539 3677887982.459641
1338 -27469936.63451958 3691580166.564148
1339 -67524047.34670933 3595833344.154228
1340 -75155384.01593822 3559193024.421136
1341 -102856783.513487 3471306564.781502
1342 -69680886.15759073 3568489011.705046
1343 -64771794.44329619 3556835244.698475
1344 -70693680.11250304 3548559479.807788
1345 -69820499.81057695 3517119955.743876
1346 -73343683.48584667 3553267795.452011
1347 -63298172.88299172 3526716440.900836
1348 -72969578.70702703 3501158299.38554
1349 -82616084.0112609 3474481916.210939
1350 -82558504.9014716 3447106383.573745
1351 -101909399.2261578 3391938313.492439
1352 -106530208.4446288 3343225308.171437
1353 -126304077.983294 3282298790.616604
1354 -130770774.0980563 3194854972.564722
1355 -131719493.9542239 3114023666.001615
1356 -121369952.520578 3013827621.56327
1357 -95532031.8836492 2950721261.784534
1358 -81420248.38107005 2914578193.693088
1359 -54470716.18748152 2931629717.825448
1360 -39909436.62487369 2957398333.6296
1361 -211998.1675984556 2990578351.213573
1362 17912049.26286155 2992573715.491054
1363 73222014.81924766 2996533818.995786
1364 87817881.81466299 2972634748.555296
1365 118550927.6488119 2916326519.320428
1366 125128996.0339415 2890800948.549931
1367 145842979.9134606 2887879084.943921
1368 147357718.6373613 2880938323.090744
1369 140127919.0411473 2817773757.080499
1370 148519925.5735951 2785568948.87865
1371 127159576.0433138 2736898745.226767
1372 153575919.4237529 2781419219.361571
1373 103263281.234727 2805411716.640935
1374 35830487.18608274 2313721557.950694
1375 -47361566.37866078 2074926724.622332
1376 -99472734.25532046 1918069004.920163
1377 -132661037.1235654 1797550484.663104
1378 -231407766.0384777 1504883353.537571
1379 -200013469.6233116 1339500860.219164
1380 -199770014.7024115 1322665075.673416
1381 -195549050.3523045 1272290694.240353
1382 -187708481.5310447 1210009921.597017
1383 -187565530.9512366 1150848049.62058
1384 -216888737.1870094 1024434394.995627
1385 -255040777.9526178 883641037.4970458
1386 -254780050.6179195 904894121.1763045
1387 -279453841.4952807 800137684.8165913
1388 -310523577.5139062 694854393.3041279
1389 -505270645.3193734 -136045225.4161721
1390 -327552966.731872 792395862.9470359
1391 -315608973.7986266 314108878.573273
1392 -383801826.2622879 310510375.574129
1393 -390884074.32465 300798264.5295924
1394 -711458223.3653127 -717139755.9553447
1395 -626136608.3293525 -541542202.0053657
1396 -757425918.0763485 -1273932789.815102
1397 -669214672.9906685 -1153595983.650716
1398 -527047576.8392708 -758690856.3823277
1399 -303004964.8128086 -176559124.015241
1400 -84581319.58669057 334010153.2964721
1401 62664942.93783122 643218921.9315434
1402 93924330.41565913 712350224.8199537
1403 321485996.3016465 1079574405.197712
1404 169956606.6771258 650896611.1826652
1405 -41700726.25553557 -71981213.07338776
1406 -198690965.1739912 -537948288.1408848
1407 -364615049.8393739 -1048396347.238028
1408 -417818984.7289283 -1241907504.568737
1409 -342741060.87247 -1012690577.476481
1410 -238162873.2178731 -681949179.6707468
1411 -188703641.8208516 -505123873.1586894
1412 -150331086.5084766 -374374865.5142725
1413 -90359071.6482438 -187292556.6471748
1414 -71526043.95744732 -129811350.4925847
1415 -90695079.12865748 -166314060.7434837
1416 -122026295.420096 -249515088.6287832
1417 -158837785.7302681 -359324702.6881655
1418 -187558524.0969675 -424254847.2267137
1419 -210881893.0201897 -489800719.3543188
1420 -218568128.5336746 -512160862.9405626
1421 -237328443.8913734 -541854557.3374208
1422 -239403547.4081655 -532128901.0850789
1423 -240397794.5096189 -536715957.6879846
1424 -264799479.0399779 -587979010.5193955
1425 -281580252.987818 -626606437.9494739
1426 -326211165.1425179 -725852293.6088384
1427 -380808936.406535 -797150444.2588462
1428 -379637067.339492 -809662608.3303453
1429 -367273350.504829 -769983982.2562338
1430 -271858035.2488593 -435279768.024717
1431 -258213214.1080154 -361077818.6960684
1432 -142029305.2742383 325977720.2762824
1433 -192902258.1928246 137354575.3413591
1434 -279806880.183321 -52309882.72299393
1435 -356790040.3136492 -230075602.271102
1436 -468572658.0762603 -454454278.2854098
1437 -835878773.0619239 -1251976381.000957
1438 -824192452.9002578 -1231113756.147525
1439 -772370732.9782372 -1153252376.271673
1440 -691105958.0239724 -987880261.4743387
1441 -609321353.6394396 -746659679.7413348
1442 -626035619.2147446 -730164907.5612664
1443 -657924747.5121875 -754725290.8038831
1444 -670804535.7070094 -768180454.4807236
1445 -684187115.6856745 -783977612.5569597
1446 -808432385.8717198 -1027737163.122824
1447 -805180737.6913095 -1026410106.529787
1448 -791114194.8293105 -1044449736.500682
1449 -803470542.4850038 -1098682415.970016
1450 -827952460.5207082 -1213259320.572708
1451 -843405505.8673204 -1312279852.26306
1452 -909963487.3209002 -1706227158.082162
1453 -788026925.4522913 -1213651725.601778
1454 -753403084.4292167 -1200076050.694164
1455 -707785070.8806707 -1214262809.738484
1456 -705855783.8218191 -1288220140.781085
1457 -721085522.3532466 -1355853998.220984
1458 -752262891.8608389 -1461908317.23401
1459 -808882869.0042681 -1631186426.881361
1460 -906503887.0569587 -1922840333.904832
1461 -894211454.4317129 -1912373831.514349
1462 -894071934.1045141 -1912646264.85465
1463 -896105569.2867402 -1964982724.319947
1464 -905990527.8580744 -2066162527.829946
1465 -927144525.2967319 -2181914208.17093
1466 -966650064.5423646 -2402088202.755711
1467 -1000248079.173584 -2569004484.822259
1468 -1015454509.631652 -2691135682.097383
1469 -1031171436.687804 -2797637726.906173
1470 -1045919516.226298 -2910412616.298091
1471 -1065377095.012137 -3031882114.459614
1472 -1088900866.732948 -3165021868.74289
1473 -1108644067.763897 -3270388662.988854
1474 -1121204437.573589 -3348722933.833571
1475 -1125663799.072168 -3418767400.446665
1476 -1116374128.013934 -3435124217.188351
1477 -1102737611.55299 -3436729687.276602
1478 -1084191467.603418 -3438278472.109262
1479 -1073702320.396632 -3435397938.721401
1480 -1048640384.340196 -3422279204.594665
1481 -1030491747.045908 -3384805521.293758
1482 -1015679508.957627 -3371650252.437858
1483 -1015366469.710526 -3375275555.246392
1484 -1013588484.594631 -3376869544.157039
1485 -1011645091.274934 -3383506050.143444
1486 -1009144628.907777 -3370097787.501324
1487 -1001085783.289008 -3350959480.009324
1488 -995053313.9939195 -3344906567.187735
1489 -991443935.6433083 -3335827162.543281
1490 -982070012.5744247 -3321910893.862961
1491 -968367926.2405075 -3287138594.30261
1492 -946213937.7581953 -3227352931.411744
1493 -935507232.0280783 -3190710496.36849
1494 -932419817.0816922 -3176423463.369383
1495 -930153716.6450965 -3163446091.704439
1496 -925853411.1170634 -3139133732.962707
1497 -910408955.0182085 -3082202624.718008
1498 -896493613.7714131 -3028328590.855318
1499 -879019188.0759294 -2972404070.106105
1500 -853795931.6603023 -2887951955.214778
1501 -831153526.4965813 -2816234615.78723
1502 -795888648.925818 -2702420579.135579
1503 -769091291.3542658 -2614836538.835437
1504 -745068424.2368969 -2532875712.06901
1505 -720353704.5141666 -2444421821.462147
1506 -693907738.6579525 -2352274816.211671
1507 -694681912.2377231 -2311805612.139287
1508 -694303426.9078381 -2312547812.241775
1509 -677980618.4588814 -2270047527.832362
1510 -675403127.077337 -2249563254.688196
1511 -667984997.8274958 -2196232691.346189
1512 -659732886.9526442 -2148442430.882166
1513 -636349869.3409019 -2049010795.835289
1514 -636538570.5060165 -2047299593.144172
1515 -602716673.1663702 -1901292804.443649
1516 -600577043.5074688 -1896013937.579274
1517 -599515704.062609 -1878995709.426453
1518 -598047605.4896194 -1847541200.181472
1519 -612490840.7077628 -1859250186.080234
1520 -623305104.1861732 -1857533110.449266
1521 -623717804.2663643 -1799600793.444366
1522 -544040029.867872 -1510405183.281699
1523 -497961929.2223921 -1449446817.822248
1524 -523149941.4741324 -1490942026.14188
1525 -559293577.7636404 -1490079371.574244
1526 -559091462.3650838 -1471669641.507415
1527 -550529332.4134678 -1446990343.696181
1528 -522867812.1133447 -1373131903.604906
1529 -521355124.8448123 -1356181592.798992
1530 -520479391.6952416 -1348931240.924073
1531 -504162459.7786977 -1210736465.293931
1532 -496233676.6302002 -1070858080.156671
1533 -475182848.3539548 -1006755586.791106
1534 -460982149.0388467 -966995501.1917859
1535 -435855186.4963568 -913041324.4575092
1536 -407337476.678053 -822902229.1230226
1537 -419745707.0399305 -833093585.779091
1538 -431473624.3371065 -871142942.1477044
1539 -440401966.1797568 -909848522.8545129
1540 -447600011.2479465 -948670077.0220673
1541 -467364317.1231484 -1017782870.498815
1542 -475762722.6894567 -1072450120.875241
1543 -476357680.9692327 -1087908686.236938
1544 -463706863.0692719 -1059797283.084221
1545 -404869709.2142168 -932906148.8143497
1546 -381145015.8473673 -875381571.6727744
1547 -354016239.6289304 -820482867.4621021
1548 -353040466.2308345 -817104714.8465118
1549 -350483237.5177424 -811674961.6005582
1550 -329832570.9618654 -781628564.3126884
1551 -328784503.9069504 -789002250.473145
1552 -315397376.6278577 -874202478.9350711
1553 -331878883.879016 -933634496.8381379
1554 -335045000.3500777 -949689687.2351086
1555 -334273017.5103922 -981701158.1147226
1556 -325683373.2621842 -974053178.6577386
1557 -299583822.6534545 -936115732.0210943
1558 -274263661.8039222 -881734935.812278
1559 -247444359.4660094 -825714354.3950424
1560 -138992535.4739873 -573926613.7053767
1561 -140081839.6299479 -576350632.0111445
1562 -141583527.381909 -579563239.7197441
1563 -144910226.2836084 -589968646.5649675
1564 -147009028.9806602 -597703524.062107
1565 -148385171.0500469 -608197949.4233094
1566 -133616428.5058301 -591730985.1017143
1567 -114420985.2498632 -568142420.5578467
1568 -109371284.1297286 -570802754.7399713
1569 -86152406.41416712 -588713617.7027469
1570 -85960445.79924875 -595606676.785145
1571 -92839216.13366354 -615972285.0526243
1572 -89652332.47494705 -605348581.7888539
1573 -88888346.20181522 -599182557.8789233
1574 -102179768.0275593 -628482934.5001545
1575 -97732027.25925538 -604519759.4762802
1576 -96645686.79964396 -605595703.7603089
1577 -96410561.83202814 -605232090.9871562
1578 -96056834.29010534 -603963040.3336657
1579 -94323634.11346056 -592396913.2097551
1580 -92096720.28690898 -579173628.7871087
1581 -102910234.5134876 -594517349.4700364
1582 -119255824.5226156 -633234887.9889907
1583 -132991447.6547766 -668934238.6392322
1584 -150965490.0967011 -710109133.0083089
1585 -171425987.518738 -750338758.626449
1586 -190557451.2716807 -788555041.4541136
1587 -205771538.467155 -814722546.0017232
1588 -219809611.8138042 -837660309.0298202
1589 -236941536.7548163 -870417480.1452003
1590 -240841569.4822355 -863466930.3038852
1591 -256951504.561856 -883847987.5918632
1592 -259034111.7037253 -872838842.644075
1593 -262451509.9372234 -863395651.8099989
1594 -271492754.8682675 -863346511.1747248
1595 -284621691.1715444 -875988265.554588
1596 -294245344.5544363 -882514150.9261709
1597 -296740622.781032 -867242031.7307733
1598 -304616511.3507595 -862225854.872022
1599 -309235917.1304231 -864023604.8264887
1600 -319862052.086535 -874019137.4605118
1601 -319224287.3420309 -867723441.5368164
1602 -320280052.7172366 -851749902.4667645
1603 -323959593.5779079 -855774834.7112057
1604 -325045535.5398296 -852187368.3126155
1605 -323766366.9110872 -846684064.773679
1606 -321120690.6967258 -840413908.9573679
1607 -321479114.9151241 -843908614.3262769
1608 -320558120.0785179 -851132782.9125229
1609 -324561714.480187 -864898389.4438058
1610 -343857756.920818 -945232195.1141578
1611 -342536335.0197965 -941731029.1134131
1612 -337407290.5817556 -925483964.9785924
1613 -318963496.6973751 -865493691.1326101
1614 -313931118.7689697 -858055013.1375532
1615 -292950659.1137038 -832299719.1125957
1616 -281766652.1481065 -817719341.1861997
1617 -266290034.9354881 -799337778.7546829
1618 -250220011.2991186 -754682879.2295885
1619 -226822780.480882 -689647319.6435035
1620 -211267063.6668968 -649500827.5586475
1621 -192090160.2629631 -609634765.7460474
1622 -174538699.434679 -578071376.3613591
1623 -148559507.4023028 -541945383.5991197
1624 -148972764.9260893 -543278075.8050413
1625 -155633169.2383425 -567480373.886674
1626 -156808130.0912129 -601826439.2735598
1627 -158105103.4291578 -620183209.5595919
1628 -155843134.0919261 -637615022.9384732
1629 -144222071.1320717 -616061449.2642273
1630 -127583604.6706928 -580219256.1579857
1631 -109292697.4231291 -536475144.1400596
1632 -90505166.36454496 -493182988.8315985
1633 -57657863.86705985 -428205216.6570127
1634 -58137723.08801048 -431844826.0367104
1635 -58612146.20255212 -434614229.8962427
1636 -64387385.14967953 -483623496.1319647
1637 -71427616.81091616 -537185256.5613238
1638 -77040547.18233316 -570760697.0134319
1639 -82765396.93842195 -607679545.9834418
1640 -84997492.19967678 -646629770.7496901
1641 -78132323.24574351 -649539777.813187
1642 -73469420.87654661 -653817294.0562096
1643 -74553719.81206232 -671403935.1779095
1644 -49958448.21847159 -624174049.0137794
1645 -19383941.58344015 -536009341.6875091
1646 16452947.28582625 -443762179.3983718
1647 69609886.5718075 -304690099.464663
1648 144019299.4714104 -99697622.80517153
1649 175345108.870519 -1076193.052164369
1650 196282090.7646337 71083304.69421732
1651 217129742.3549162 155274980.2684931
1652 229378173.1051037 205955057.649369
1653 236297781.8835422 230354111.4328902
1654 202626651.7892228 115984303.0826851
1655 174816682.7674545 22421050.96642581
1656 167616624.2176144 -17257227.4267016
1657 187147001.0708323 35553994.47479647
1658 212445699.3600634 117908781.799016
1659 248877530.3679492 233538964.5319757
1660 304690717.7360827 405016920.3841368
1661 354905957.4145665 565696902.5532112
1662 379311140.530989 648305057.01647
1663 391635890.9101037 703114141.2471991
1664 390750526.7214071 720827973.9386166
1665 376944940.2167419 693318104.9558257
1666 369867631.1671522 679524585.5682206
1667 369786291.2263089 681652496.7834264
1668 383319525.7627551 744402099.8263916
1669 423678068.1519983 882191579.2557838
1670 444921880.3254694 990123006.9643321
1671 452721307.1418417 1039687709.474491
1672 438238874.6204931 1035307597.101322
1673 437446064.8960237 1046020388.442149
1674 408068445.4352173 985100467.7544688
1675 397142203.7168229 967684255.5160066
1676 404806919.7529906 998640513.0057132
1677 441898279.4260519 1131466530.567733
1678 470782332.2538555 1253468918.580196
1679 506388567.9116619 1419315307.926107
1680 521602095.0668263 1501565014.000788
1681 521819746.11569 1540538292.052702
1682 516614924.6155952 1547200547.621999
1683 503898135.8774683 1544857350.881708
1684 497467879.168669 1556867642.158414
1685 497261639.3128914 1564279609.401313
1686 492396595.0946608 1599187714.50029
1687 493120889.9713055 1641921417.258497
1688 501222819.5499951 1740520189.505083
1689 504704828.8775643 1808786269.585776
1690 512693802.381043 1871685070.267373
1691 507830265.7972565 1894744296.556289
1692 494157675.5397909 1906993933.312371
1693 481436724.9148114 1928523179.436695
1694 469689175.2777557 1942139957.131713
1695 454958462.4683508 1952242357.72126
1696 444604596.1591798 1969358517.518458
1697 434774391.6524385 1994808536.453875
1698 432137641.7058715 2033151534.553284
1699 427228243.8585659 2075921360.120007
1700 421199230.4436067 2104387214.315766
1701 412172080.0330154 2134128448.010469
1702 404691865.7717435 2166973569.279298
1703 391971784.0515621 2187138071.606367
1704 381174968.7046006 2213461980.689641
1705 365948081.6329857 2233932897.381127
1706 355131509.7315577 2265253883.973152
1707 340845714.5613056 2281579549.119331
1708 327856923.717321 2303024431.723499
1709 316561070.8878726 2323686686.077875
1710 304522059.5406696 2345982386.145209
1711 294161120.9924473 2370764898.838542
1712 277958378.3586724 2384532230.668836
1713 264682832.9066145 2400166375.042407
1714 256390330.4186056 2433157025.905218
1715 243509983.1279647 2452613824.084487
1716 230334478.5862714 2467963584.402985
1717 219451651.3980254 2495164056.158306
1718 205784946.6287573 2512838007.039175
1719 190275888.6049757 2533192002.374712
1720 168527283.3034451 2530173310.743589
1721 169975671.0810088 2566662114.109044
1722 154844558.8455234 2568649377.265996
1723 131426721.4121964 2570956275.041063
1724 103680035.2714131 2589720164.363799
1725 75347620.80905682 2578641070.785401
1726 53956195.28989024 2551055060.869282
1727 37513286.00031495 2557427027.92015
1728 18311255.42749917 2544108783.05519
1729 221417.7649426365 2537053542.374881
1730 -19873968.51071594 2526783997.792556
1731 -26195024.84560618 2528703546.863466
1732 -50169644.87293547 2511137590.047376
1733 -65412857.2531765 2482337252.184856
1734 -69068146.44043133 2487800966.368918
1735 -79899135.71542692 2477979598.198303
1736 -77806113.39688528 2479199823.23112
1737 -82574149.74613678 2476634406.967918
1738 -82409214.88792995 2453762833.130687
1739 -143041581.3308417 2328800622.072022
1740 -141397415.3000287 2328770458.336035
1741 -138721108.6565221 2317928793.732423
1742 -472514108.9728208 1363557329.419168
1743 -364868102.3287457 1675232199.031197
1744 -470218809.6542526 1282441809.907797
1745 -469658169.6387325 1090543270.319541
1746 -335270037.8042228 1498045790.688653
1747 -139537287.263348 2019722804.843737
1748 401649844.3388208 3352501603.679294
1749 478217108.389829 3575725813.363129
1750 846542860.8695587 4872821973.96304
1751 702784187.2226123 4426067183.037333
1752 372857918.2863662 3470169156.716192
1753 -54746663.27825593 2218805309.75371
1754 -191181081.4417242 1755805442.296477
1755 -309889837.844781 1328234554.020869
1756 -294011380.4866111 1322720251.13093
1757 -153086651.8126023 1632024313.993955
1758 -68946395.43197241 1856740012.658484
1759 23710992.10981026 2071460724.389677
1760 109983261.8315444 2261739991.161822
1761 189327343.1421776 2430079159.813745
1762 227377294.5614567 2493204588.730701
1763 178409925.6234137 2325310777.707391
1764 175269788.0994688 2312694006.29114
1765 131991767.225187 2092204624.23985
1766 95078056.62245339 1928178623.075859
1767 37609812.12812245 1727585867.635102
1768 29709455.31854716 1616732281.187402
1769 28853499.55208991 1647160582.348527
1770 44402878.07476282 1645518590.926769
1771 80022105.39583564 1693022494.450548
1772 103451439.5181842 1717373251.230376
1773 120735548.6192283 1767234354.780435
1774 124826884.1605913 1741654455.895645
1775 114017281.4492581 1689414015.492101
1776 103033166.1579316 1639928370.587832
1777 86824607.19479041 1579984500.682714
1778 60175079.18500166 1484088455.815768
1779 30017992.66776282 1378053385.277635
1780 12153526.23662769 1291170216.953897
1781 -5625197.417004964 1222915859.987257
1782 -7245546.625345835 1195308605.990888
1783 -14142782.3476128 1175942296.179835
1784 -21108327.40421842 1124715627.588406
1785 -37593902.91967402 1056703267.803062
1786 -43961131.69960453 1015164936.513288
1787 -57762512.47544843 970651705.9991307
1788 -82074612.28068781 854937342.373765
1789 -98124793.19990954 788159935.6122824
1790 -120860850.6824926 683017455.9186145
1791 -139568982.9788439 591334803.2701555
1792 -151776101.6633326 512179183.0448825
1793 -167337226.0899151 436847026.4866453
1794 -184965332.9580574 339060112.4447832
1795 -192400654.2398097 283196535.0151064
1796 -211260628.9200921 196559481.2239647
1797 -215807864.1074423 145533487.2495775
1798 -235185393.6446575 56389019.11854385
1799 -242589065.2615405 -3116961.256531715
1800 -270309723.5635361 -103675367.0324721
1801 -279972577.5098279 -156759270.8599515
1802 -299082964.8504037 -227581435.511294
1803 -317756734.4677181 -300251904.2654539
1804 -334601098.2426018 -364235577.620684
1805 -350575805.0505736 -425373919.2045825
1806 -379567444.5365367 -525448468.0231373
1807 -396582559.7750596 -606289025.1549432
1808 -412367555.4701175 -653104575.4387667
1809 -412650153.4734942 -698106753.2047435
1810 -404380757.2342096 -724674220.366588
1811 -405494965.8075775 -783012397.0543784
1812 -398177419.8281969 -832033050.4807038
1813 -397983780.8858599 -879251660.6651076
1814 -397209857.5436189 -934568641.7606177
1815 -389480424.190679 -963449434.8802074
1816 -386618319.7675908 -983522452.8942659
1817 -380083155.967802 -1002685239.496227
1818 -379480640.541481 -1024685770.69243
1819 -371430162.8419967 -1024434808.937044
1820 -364465816.2707579 -1033909725.710032
1821 -363728144.7329967 -1026598922.040807
1822 -338828403.0310469 -1003338439.207027
1823 -342392311.098775 -1000934998.303442
1824 -331672637.4736729 -967408748.8611561
1825 -317549103.756326 -936137623.3784225
1826 -303972397.5115891 -901786959.8019923
1827 -288018520.9243861 -866406201.9570282
1828 -278717107.4339393 -845870268.5060165
1829 -260997131.2341467 -807562391.1852928
1830 -246471239.8429686 -775133863.7586939
1831 -238208896.6855218 -756031741.091027
1832 -232118019.3273988 -748992581.2810612
1833 -230599964.3619829 -751486160.7547336
1834 -230281702.7839217 -752935933.709337
1835 -229840511.5994015 -753914360.0921258
1836 -228645589.2654231 -749143481.1502769
1837 -231551487.2909095 -750855021.5137782
1838 -228736720.9907347 -733295614.1969134
1839 -233953998.469417 -739910608.6417055
1840 -237262805.4408803 -741575071.256053
1841 -239140125.2465466 -742247573.9881214
1842 -236264414.5027264 -727737031.8208781
1843 -232750391.0737728 -709871254.4112058
1844 -228702063.8434451 -692630175.4203619
1845 -225563225.961316 -678816181.3420739
1846 -221260430.7070011 -662081526.3482361
1847 -221044844.1468947 -657107141.9454517
1848 -216810008.7574501 -640548273.7965581
1849 -210301446.5949923 -615016056.9709233
1850 -207797283.2757948 -605690997.7742636
1851 -210816311.5072752 -609788099.3386497
1852 -222580784.958005 -637372642.7077618
1853 -232003171.2502554 -658955867.1719161
1854 -255322520.4863447 -717958485.7816062
1855 -260165032.4951782 -727319284.0021356
1856 -269760766.2634093 -744798252.7495885
1857 -278301437.7637711 -762114020.6880839
1858 -284441878.3698279 -772430529.4061357
1859 -293120020.1789382 -793127907.3411473
1860 -310118441.7107424 -839585267.9833668
1861 -318790563.1406431 -859103627.6676514
1862 -328956074.5636558 -880827658.5681125
1863 -342146977.0672686 -919850392.5178246
1864 -353568789.936834 -946751873.6731958
1865 -371005873.9039448 -995807370.5945417
1866 -407179338.2663094 -1076237360.253434
1867 -406507566.0708047 -1075764403.087574
1868 -404370426.1722592 -1074595547.167523
1869 -403438748.3955449 -1082971726.704373
1870 -408699237.9073684 -1099955547.623696
1871 -432543168.3363613 -1174557228.486952
1872 -442718828.5261594 -1212520494.949953
1873 -454082351.8112267 -1259296489.114442
1874 -463215923.8472835 -1303253068.652885
1875 -474537030.2752686 -1362105994.548157
1876 -476154094.5795825 -1383380473.754264
1877 -475114991.1313618 -1403924906.575777
1878 -475058589.532856 -1418843424.213798
1879 -479452441.1037314 -1462979308.870462
1880 -481674594.4551854 -1497734601.215276
1881 -480331940.0033442 -1519055628.329352
1882 -473710728.6698638 -1525289247.459806
1883 -472932553.0003629 -1533956015.036757
1884 -472761678.3701186 -1558868521.934398
1885 -471448277.347845 -1572443669.680644
1886 -465754237.9016691 -1593793442.908329
1887 -465236686.0336789 -1591328572.999776
1888 -464809161.1962118 -1588431206.743799
1889 -458880269.6418219 -1566734407.704588
1890 -450761564.9990943 -1545603094.334388
1891 -430277676.0946712 -1504099782.342021
1892 -424339771.1755289 -1498775730.097814
1893 -415708942.5168974 -1490822729.891817
1894 -384524435.142422 -1428785651.103124
1895 -376533984.7842631 -1397146478.949644
1896 -347400816.4240171 -1261147613.010787
1897 -342634508.0854633 -1245303058.530277
1898 -324283224.6970998 -1177286386.640073
1899 -317270379.4545207 -1129462238.737308
1900 -330218912.8769382 -1145492462.210098
1901 -364757228.3534793 -1204251233.440701
1902 -365280801.7177077 -1203031170.615177
1903 -371064606.0083618 -1199693841.55542
1904 -369435581.137808 -1181468393.035753
1905 -373192122.3736889 -1173890863.232448
1906 -367486579.9043288 -1144452398.38524
1907 -364125912.9448218 -1116540165.953224
1908 -361535926.7145841 -1091700707.630941
1909 -358547275.3198886 -1058042986.103391
1910 -359938979.5243585 -1041754238.217498
1911 -361640118.2890094 -1026105154.270352
1912 -361471358.1281655 -1004730065.244774
1913 -365075016.4064661 -990923561.9292841
1914 -364891706.2924336 -969110138.3764656
1915 -365101234.8721009 -949100053.6936613
1916 -361894351.9994076 -917456116.0077242
1917 -360367689.9775984 -896734684.0648009
1918 -365424393.5531136 -883044736.9299239
1919 -357152270.7802719 -849733637.6636007
1920 -362269879.0829967 -834199707.7819128
1921 -362935794.7485422 -827510339.496631
1922 -367142682.6553971 -823982571.757187
1923 -376355370.9699416 -828331915.6079029
1924 -369182351.8618064 -812419003.9213458
1925 -376331622.9225196 -807965005.101229
1926 -369610560.6633486 -798282651.3502306
1927 -372634129.3032896 -793372541.0639427
1928 -373231732.492807 -794552494.6996845
1929 -357222591.2620596 -768602533.0970701
1930 -364209367.7605703 -770775334.7180982
1931 -342705058.7011613 -745572306.6410679
1932 -342868965.9877301 -744989657.8160361
1933 -343028762.6786073 -742101078.6423398
1934 -345212481.4045549 -744024536.8915267
1935 -343456245.7082708 -742396428.074096
1936 -330401882.6004776 -718851027.0391418
1937 -310242313.5038836 -687824303.395241
1938 -284673369.6599851 -648065111.6323972
1939 -230129292.0864335 -531625078.7033226
1940 -228996396.9556409 -528882188.4972796
1941 -198246670.4835709 -453479156.8375466
1942 -167769871.1582322 -391242345.1488031
1943 -124447729.3160794 -308856834.4542085
1944 -97862590.88471098 -254041977.9501092
1945 -91787061.19822448 -263535519.5441898
1946 -94173587.66369332 -293666660.0843133
1947 -95447120.62051021 -316530612.5557088
1948 -92292973.54682516 -351804965.7046332
1949 -92459732.38675952 -352035190.8235698
1950 -92312841.59832598 -348625303.141476
1951 -87577248.20331384 -331762116.0009377
1952 -77070587.5045284 -316290566.9034065
1953 -71277430.78646994 -312552381.7622879
1954 -64781680.6589636 -327328651.6536547
1955 -62703977.65373414 -338864474.7326001
1956 -62802298.56695974 -349372502.6070756
1957 -60897636.69567678 -347149820.8019769
1958 -60382903.57546332 -346650374.7597463
1959 -58981249.77436294 -340906668.5251186
1960 -58718158.1378246 -334261805.33369
1961 -59118458.74312576 -326589442.3473426
1962 -59700081.97178213 -327036249.1604567
1963 -59991793.25566906 -327412187.3616018
1964 -60565106.80396084 -327324653.5013017
1965 -67169733.43294264 -332812285.6579525
1966 -75503024.77814671 -349381614.4282802
1967 -95764546.69768229 -399424990.7463287
1968 -88162255.60659735 -371579331.8569046
1969 -88247038.07855105 -372510522.4855527
1970 -72023375.44491065 -333530844.3071638
1971 -75668979.93364368 -339044017.4346674
1972 -80729022.30567788 -349259733.2176481
1973 -92026709.31716105 -380707168.8230358
1974 -94600002.20729123 -391361904.6393933
1975 -94445306.87288252 -392939013.8045637
1976 -92517968.27109267 -411996886.9742173
1977 -86738666.95821787 -394352962.1002052
1978 -81604743.62344182 -371805055.4860055
1979 -73690969.63441423 -340781890.7021048
1980 -22783081.13595918 -173783587.8043706
1981 -5054234.388948704 -129776750.6894782
1982 8477004.795305019 -105409865.9193977
1983 1616093.02707722 -131470513.9221048
1984 -12804752.28426972 -181398299.3397816
1985 -24833863.03343023 -215974733.7267424
1986 -27290857.21230392 -215704376.0801125
1987 -28723141.37546608 -206849463.7824776
1988 -28397603.33481467 -206400767.816503
1989 -27919477.24344733 -209835525.1205438
1990 -28636419.73881026 -216296444.4184026
1991 -28165626.76123938 -221341815.6441765
1992 -28404168.51185383 -228133926.0298533
1993 -27345376.34570326 -245043960.8785836
1994 -28078205.09446277 -270363646.6246729
1995 -24737426.73410314 -266462276.4353933
1996 -14732787.32967678 -250694320.7357772
1997 -2077384.596667402 -212607306.9561544
1998 6002134.072190844 -185055535.2278125
1999 21765819.07282791 -128396653.4006663
2000 110028759.9515298 151401921.2230513
2001 62618467.79301296 -6134239.69569112
2002 60698006.72499221 -13019072.19667981
2003 52196870.67911225 -50829064.52457363
2004 41149491.43632046 -85056182.97655599
2005 21409398.53393933 -141909062.5404589
2006 -2417180.941156095 -205356807.5283971
2007 -15337806.29778378 -237643968.1080585
2008 -19374368.99398566 -245988167.1491473
2009 -23318995.64397573 -229500415.930674
2010 -26931960.84430061 -234093947.0729917
2011 -25771230.36697959 -244787959.1567435
2012 -11217814.7763315 -226121374.3757286
2013 13084316.03289906 -184286514.376289
2014 52349173.84596525 -96123107.77773415
2015 70489614.76518257 -41639174.1989454
2016 91335532.55801766 25104200.60748373
2017 114029803.2270717 105161196.161668
2018 117337163.1357055 129704381.7372951
2019 109430864.7024236 122681349.0901092
2020 102124668.6036624 105102557.5264468
2021 100987576.1447954 105717702.0656812
2022 104878343.3239846 114042706.0855996
2023 117822011.5000491 157168559.4868858
2024 135097232.1019801 200339273.453754
2025 141058949.5568268 222284522.0846862
2026 140027349.7311092 205061717.6173701
2027 137826138.6465753 192891769.6872587
2028 150921951.0665935 222323990.483808
2029 171049427.9511147 284994129.0024887
2030 187359805.5726729 339265314.1834837
2031 187072177.6147259 344152060.5580474
2032 191586799.856246 355070489.541701
2033 204576903.7589906 397958271.2302945
2034 225286836.2790011 464321750.1143585
2035 236641923.5839195 510808904.4684324
2036 237682080.7463458 518659331.4123839
2037 232488267.8074208 510073961.7989123
2038 224084128.4419526 489652777.3262791
2039 213655098.8663585 460819121.7838654
2040 210551228.7573911 450380968.069968
2041 215858419.2927446 469926892.5261666
2042 228430260.9576624 520047342.6837749
2043 244263007.8464986 582827014.8770678
2044 255685727.9920099 631077482.9577738
2045 265939111.9523155 677194868.9827645
2046 270682166.528791 704315736.9923089
2047 276921895.2231456 740380840.5427556
2048 280673478.1556641 766807736.7821732
2049 284563597.9599923 796509808.2524325
2050 300617860.8679472 875367594.0554076
2051 296340919.6366779 842014617.2504225
2052 296212364.2219371 844840036.174696
2053 288902319.8665979 877949380.5845184
2054 277382579.9194865 873059216.7555212
2055 266948636.5139697 856636417.4143761
2056 286139109.3414026 944854902.2865835
2057 297850650.563615 986986419.0405185
2058 307496324.5757987 1018547074.289405
2059 365582508.623262 1206393413.676154
2060 376400676.541316 1279296745.76734
2061 295523530.7041368 1137035493.228523
2062 295238193.7937407 1136772711.77874
2063 281492673.6451208 1115078982.641509
2064 282085723.8055687 1134087594.659892
2065 282396127.7568009 1141713992.234943
2066 286488991.7650921 1182645081.980876
2067 290594377.5537915 1206968636.07031
2068 292991045.975422 1230568785.343267
2069 303919807.5547093 1362832750.240618
2070 306319491.3505968 1382628497.072644
2071 312867714.9608031 1462143270.625306
2072 301265899.5444103 1481697313.52601
2073 183883519.0936069 1383003680.4379
2074 214697063.3721879 1334641399.413852
2075 217537274.6895546 1337269086.835602
2076 217864189.4892962 1355907047.786077
2077 224441750.6133017 1418600039.121939
2078 224746380.931962 1422300884.719281
2079 196964787.6084192 1388616600.239938
2080 325106841.2380276 1900456540.572593
2081 -4469709524.921681 -12226639016.93345
2082 123296701.7529046 -1969431019.285039
2083 35072636651.16417 88033566059.75552
2084 27136014250.91933 67909463718.97808
2085 61398623708.2001 188865048135.7986
2086 25124557884.42391 79803703538.79362
2087 -38608848383.24259 -74444028020.31917
2088 -51136113637.13257 -120809001244.3297
2089 -25964238975.47529 -81144759041.83789
2090 6661439971.954939 23330762693.77038
2091 68237975948.42807 198406514984.6064
2092 80395588850.48015 244985248150.8934
2093 59264663091.32539 196637588859.2404
2094 28310598257.46914 108975872529.0369
2095 2155095238.267411 37340966478.51081
2096 -18444531247.00064 -29596568863.82928
2097 -38861598091.45208 -100383997572.7619
2098 -70458822344.57918 -188334618080.6666
2099 -84201124912.7459 -234498012845.557
2100 -87390605956.26262 -249679796840.9823
2101 -65661153137.54539 -202740782879.2803
2102 -28488246835.16046 -94684236459.56207
2103 -4921657114.678222 -18658672887.06584
2104 17023004201.14243 45145058079.24414
2105 21542907617.69514 57679145258.54034
2106 68727530419.37001 191605329031.4753
2107 118525240870.6765 335620711321.6904
2108 135231051385.7798 387746992231.7307
2109 135695906071.1758 407903582182.6559
2110 82368123089.10837 271910750830.6914
2111 3349690174.64248 58502899320.11469
2112 -23467422980.40213 -23206274581.77229
2113 -34309725694.27959 -61864703114.64949
2114 -16686875259.10254 -28604297936.02168
2115 14615402019.88914 63523896811.35507
2116 40243225891.76262 122552472421.2805
2117 54782389606.3102 181941052742.887
2118 61956980565.51389 204098297401.8094
2119 61031713662.06214 206313913776.7301
2120 49479218827.71585 195799321299.205
2121 47178907218.68758 172833993265.6536
2122 49047129216.4366 182574804327.7951
2123 47133612092.64079 171015155183.8035
2124 161307237974.3933 499924343546.3485
2125 261411200811.182 748529392944.9836
2126 495969966532.8147 1404572045841.222
2127 488875594970.2854 1648609121246.541
2128 319521975233.6315 1124059733159.983
2129 481435373610.8171 1792420601899.052
2130 397605907267.1321 1447407989099.087
2131 -193840622429.3936 -270033903086.4164
2132 -511491300808.8723 -1396728569965.112
2133 -247748335047.3903 -605344460949.5074
2134 145858203499.9204 404215891316.9506
2135 451737157630.7845 1488623121853.174
2136 843822294611.3772 2896764357490.793
2137 872947701073.3405 2933452338400.148
2138 829388579950.7434 2855261976062.782
2139 361636086198.0032 1609776117981.125
2140 444432516267.7247 1905460587859.74
2141 427176801941.2747 1923165729729.442
2142 463016446873.7152 1963480818822.971
2143 539220502534.5156 2152883630136.336
2144 617923745532.4857 2429307939791.295
2145 609249502357.783 2576056323302.465
2146 707108132096.8076 2757671646784.824
2147 761466329199.9498 3099067609642.923
2148 1004026932200.002 3738692584366.482
2149 1084642039558.806 4152768402969.207
2150 1101737909066.009 4045861916498.328
2151 1042287352076.452 4005746346217.289
2152 1084659020672.439 4050663118442.358
2153 1097669282861.605 4290188531293.598
2154 1125594499645.566 4167245796020.394
2155 1120182540585.614 4478733205260.87
2156 1252112433493.362 4443039341906.746
2157 748836446561.5709 4244653463702.492
2158 741669733100.8292 4001073796593.588
2159 838148944025.9717 3257897053642.485
2160 681293886208.9274 3139616997806.015
2161 663042287401.9958 3678628804452.935
2162 820248226257.0237 3717112646342.477
2163 963745580749.5298 4441839562208.97
2164 1117238509439.955 4822868028701.12
2165 1230757832971.476 5076764705540.442
2166 1428547008132.791 5577590774407.742
2167 1564721911407.464 6317785487732.296
2168 1759124926711.631 6744346761705.089
2169 1777804510838.919 7013925818412.986
2170 1783233633627.114 7011972951459.012
2171 1833630966450.423 7188434637646.238
2172 1879792349044.912 7374230191607.652
2173 1896109205282.956 7348798900984.288
2174 1847042296130.249 7299795106459.659
2175 1911704618845.552 7354677315875.523
2176 1923384275022.278 7445299253855.41
2177 1947798283490.208 7519007720750.444
2178 1839430024923.284 7234330036503.232
2179 1786179676194.991 6945336659268.305
2180 1643929623861.728 6654956810065.243
2181 1520621419130.467 5967254410440.453
2182 1331061797310.814 5640961257933.59
2183 1330778963601.804 5209869155591.27
2184 1106328477071.628 4608269681665.658
2185 1021267704863.742 4053744694751.442
2186 930545631288.8695 3926789898052.971
2187 945242945938.6597 3447185455782.034
2188 828142988319.4983 3559968780760.145
2189 919806728197.5758 3961353302665.233
2190 854631549713.9169 3881215854815.384
2191 867418075643.9221 3861006757224.995
2192 788070203094.6571 3835297081458.254
2193 845801696503.1653 4031771607873.316
2194 643667456210.0822 3579055731142.902
2195 655077433351.3561 3622820802359.397
2196 513221701376.6337 3477939120308.838
2197 382944750389.7213 3443847702181.803
2198 284660270541.5851 2582995439584.28
2199 -94471398254.17517 2283266423936.691
2200 -158025470835.9227 1350986961678.835
2201 -906928872674.1001 1718206089400.056
2202 -302687712892.5044 1102220168150.561
2203 -1094264134686.351 -637588921335.4375
2204 -761389173598.225 49703705944.02333
2205 -1174300928744.076 -1310231008983.489
2206 -610076423604.5708 546999548264.1859
2207 -1249184631544.125 -1252424921840.616
2208 660693777698.6782 -515051096693.5052
2209 244078719564.6582 -1162684525967.094
2210 1150880632084.228 699441166396.4482
2211 590560678821.4362 -1137358786803.148
2212 478926961283.5848 -3055911949755.439
2213 368597238719.2728 -3899484784189.372
2214 951159346251.0925 4605353052530.795
2215 6651887329676.957 -5059433508632.78
2216 11743211499515.62 -12769993858249.24
2217 4191191797243.691 -8599845923601.194
2218 7826088686709.91 -10605013765188.27
2219 -9765358174717.359 -36851469805644.19
2220 18115366441203.59 21940040597362.48
2221 -6479641284342.422 -14916840122663.17
2222 1710723963391.654 -12861824243260.27
2223 -21177831306734.8 -93471043855105.08
2224 -1153749362960.148 -76204440461548.48
2225 -13339988350445.81 -77049660154490.58
2226 9876266962453.654 317830561106450.9
2227 55743960980068.34 450100816479967.1
2228 -252156394589440.5 -315999845646780.4
2229 468079485913208.8 1256255291892312
2230 -413915365359611.1 -455706003154272.9
2231 332103538466776.2 767983772231724.5
2232 -378347203061696.8 -204986446359907.1
2233 871692691689334.1 1287161115061531
2234 -1927603085522300 -4785820554351063
2235 1673184897730331 -2082248390031873
2236 -3371406238245319 -1.708381776390249e+16
2237 1693526798374331 5013395715948568
2238 1865509034277948 -4665432407322962
2239 -5398108173701582 -1.638051159294588e+16
2240 3369813363914468 3821249773848340
2241 -7657369966968158 -4.157340225417112e+16
2242 -3380614260215419 -2868682351172898
2243 1.894938504800467e+16 1.779382855722279e+16
2244 -8616681589201043 -1.633693269688641e+16
2245 -1329742921939730 7.270264041657434e+16
2246 -2914073741748134 6.203930638233622e+16
2247 -7.34825431493867e+16 2.263821313808104e+17
2248 8.852962744409251e+16 3.18144554673462e+17
2249 -1.28401341103908e+17 -2.531534395284033e+17
2250 -1.386883318773799e+17 -4.401373936456054e+17
2251 3.610361606295589e+21 9.270264436065533e+21
2252 -1.38035531220707e+27 -4.930502601777378e+27
2253 1.120512256403006e+29 3.535166406985863e+29
2254 9.81627287730938e+28 2.596868288209093e+29
2255 1.7329329355763e+29 4.063227179968722e+29
2256 3.29288500148576e+28 2.026231384738012e+29
2257 -2.929616397275505e+29 -6.05891149189068e+29
2258 -7.913138090447049e+29 -2.20062405777708e+30
2259 -7.993199196093955e+29 -2.218245698264834e+30
2260 -4.892580361089405e+29 -1.503242860103602e+30
2261 -2.000819730076839e+29 -7.034371203445841e+29
2262 1.132221977452377e+29 2.98125427236316e+29
2263 2.906849581243115e+29 6.169070955547721e+29
2264 3.896603631053287e+29 5.737888677502639e+29
2265 5.418408255441527e+29 2.072124929799373e+31
2266 1.272317800847959e+31 -1.090101188990127e+32
2267 -7.227140173543288e+33 -1.872008256856144e+35
2268 -1.598213415181701e+35 -4.481210085442232e+36
2269 -7.220089388984932e+37 1.252120007700752e+38
2270 6.001693880644926e+39 7.638429311243824e+40
2271 -1.979885471222108e+41 -1.454718966585975e+42
2272 1.765852212103346e+42 5.752616078060231e+43
2273 -2.249488896158513e+44 1.961070906383797e+45
2274 -8.270259685866636e+47 -5.827913927395796e+47
2275 5.230210301556742e+48 -2.218867483194138e+49
2276 7.461137585249172e+51 -6.799926112111499e+52
2277 -3.786706483684826e+52 6.957678007058134e+53
2278 -3.307134604347356e+53 -1.724866106277241e+55
2279 7.986057795763325e+55 -4.932837125669901e+56
2280 -7.351223501794315e+58 -8.219140579353807e+59
2281 6.824760963569139e+62 8.063087348352645e+63
2282 2.044758778025206e+64 4.253173214442786e+65
2283 -8.068438326861367e+63 -6.248298753264749e+66
2284 6.188390095947652e+66 9.756051886760441e+67
2285 -1.992543142093063e+68 -1.582311199774967e+69
2286 3.822298795338263e+70 7.624199045676002e+71
2287 -4.436216341677809e+73 -1.208023141799668e+75
2288 -5.710239604817572e+74 6.26301513132761e+76
2289 -4.08666313815817e+76 -1.852645936749667e+79
2290 1.970028061601659e+79 1.92318478124265e+80
2291 -1.59072074570125e+81 -2.881421785626112e+83
2292 1.585759457779895e+82 3.567993415444777e+84
2293 -1.752561627027475e+84 -1.835962285142736e+86
2294 -1.485537070345343e+86 1.033826802668639e+88
2295 -1.427268272433466e+86 -4.491458918005126e+87
2296 -3.80230019277321e+89 -1.056619198303897e+91
2297 -6.118844108629115e+90 -1.591042109493199e+92
2298 7.584210811880211e+91 9.655465865229656e+93
2299 -7.226784387302319e+94 -3.776679330640282e+96
2300 1.476640512375506e+98 1.92393706722437e+100
